

================================================================
== Vivado HLS Report for 'cnnshift_arr_ap_fixed_ap_fixed_16_14_5_3_0_config2_s'
================================================================
* Date:           Fri Jun 24 05:48:26 2022

* Version:        2019.2 (Build 2704478 on Wed Nov 06 22:10:23 MST 2019)
* Project:        myproject_prj
* Solution:       solution1
* Product family: zynquplus
* Target device:  xczu9eg-ffvb1156-2-e


================================================================
== Performance Estimates
================================================================
+ Timing: 
    * Summary: 
    +--------+---------+----------+------------+
    |  Clock |  Target | Estimated| Uncertainty|
    +--------+---------+----------+------------+
    |ap_clk  | 5.00 ns | 1.434 ns |   0.62 ns  |
    +--------+---------+----------+------------+

+ Latency: 
    * Summary: 
    +---------+---------+----------+----------+-----+-----+----------+
    |  Latency (cycles) |  Latency (absolute) |  Interval | Pipeline |
    |   min   |   max   |    min   |    max   | min | max |   Type   |
    +---------+---------+----------+----------+-----+-----+----------+
    |        0|        0|   0 ns   |   0 ns   |    1|    1| function |
    +---------+---------+----------+----------+-----+-----+----------+

    + Detail: 
        * Instance: 
        N/A

        * Loop: 
        N/A



================================================================
== Utilization Estimates
================================================================
* Summary: 
+-----------------+---------+-------+--------+--------+-----+
|       Name      | BRAM_18K| DSP48E|   FF   |   LUT  | URAM|
+-----------------+---------+-------+--------+--------+-----+
|DSP              |        -|      -|       -|       -|    -|
|Expression       |        -|      -|       -|       -|    -|
|FIFO             |        -|      -|       -|       -|    -|
|Instance         |        -|      -|       -|       -|    -|
|Memory           |        0|      -|   32768|   16384|    -|
|Multiplexer      |        -|      -|       -|       -|    -|
|Register         |        -|      -|       1|       -|    -|
+-----------------+---------+-------+--------+--------+-----+
|Total            |        0|      0|   32769|   16384|    0|
+-----------------+---------+-------+--------+--------+-----+
|Available        |     1824|   2520|  548160|  274080|    0|
+-----------------+---------+-------+--------+--------+-----+
|Utilization (%)  |        0|      0|       5|       5|    0|
+-----------------+---------+-------+--------+--------+-----+

+ Detail: 
    * Instance: 
    N/A

    * DSP48E: 
    N/A

    * Memory: 
    +------------------------------+--------------------------------------------------------------+---------+-----+-----+-----+------+-----+------+-------------+
    |            Memory            |                            Module                            | BRAM_18K|  FF | LUT | URAM| Words| Bits| Banks| W*Bits*Banks|
    +------------------------------+--------------------------------------------------------------+---------+-----+-----+-----+------+-----+------+-------------+
    |layer_in_row_Array_V_0_0_U    |cnnshift_arr_ap_fixed_ap_fixed_16_14_5_3_0_config2_s_layecud  |        0|   64|   32|    0|     5|   16|     1|           80|
    |layer_in_row_Array_V_1_0_U    |cnnshift_arr_ap_fixed_ap_fixed_16_14_5_3_0_config2_s_layecud  |        0|   64|   32|    0|     5|   16|     1|           80|
    |layer_in_row_Array_V_0_1_U    |cnnshift_arr_ap_fixed_ap_fixed_16_14_5_3_0_config2_s_layecud  |        0|   64|   32|    0|     5|   16|     1|           80|
    |layer_in_row_Array_V_1_1_U    |cnnshift_arr_ap_fixed_ap_fixed_16_14_5_3_0_config2_s_layecud  |        0|   64|   32|    0|     5|   16|     1|           80|
    |layer_in_row_Array_V_0_2_U    |cnnshift_arr_ap_fixed_ap_fixed_16_14_5_3_0_config2_s_layecud  |        0|   64|   32|    0|     5|   16|     1|           80|
    |layer_in_row_Array_V_1_2_U    |cnnshift_arr_ap_fixed_ap_fixed_16_14_5_3_0_config2_s_layecud  |        0|   64|   32|    0|     5|   16|     1|           80|
    |layer_in_row_Array_V_0_3_U    |cnnshift_arr_ap_fixed_ap_fixed_16_14_5_3_0_config2_s_layecud  |        0|   64|   32|    0|     5|   16|     1|           80|
    |layer_in_row_Array_V_1_3_U    |cnnshift_arr_ap_fixed_ap_fixed_16_14_5_3_0_config2_s_layecud  |        0|   64|   32|    0|     5|   16|     1|           80|
    |layer_in_row_Array_V_0_4_U    |cnnshift_arr_ap_fixed_ap_fixed_16_14_5_3_0_config2_s_layecud  |        0|   64|   32|    0|     5|   16|     1|           80|
    |layer_in_row_Array_V_1_4_U    |cnnshift_arr_ap_fixed_ap_fixed_16_14_5_3_0_config2_s_layecud  |        0|   64|   32|    0|     5|   16|     1|           80|
    |layer_in_row_Array_V_0_5_U    |cnnshift_arr_ap_fixed_ap_fixed_16_14_5_3_0_config2_s_layecud  |        0|   64|   32|    0|     5|   16|     1|           80|
    |layer_in_row_Array_V_1_5_U    |cnnshift_arr_ap_fixed_ap_fixed_16_14_5_3_0_config2_s_layecud  |        0|   64|   32|    0|     5|   16|     1|           80|
    |layer_in_row_Array_V_0_6_U    |cnnshift_arr_ap_fixed_ap_fixed_16_14_5_3_0_config2_s_layecud  |        0|   64|   32|    0|     5|   16|     1|           80|
    |layer_in_row_Array_V_1_6_U    |cnnshift_arr_ap_fixed_ap_fixed_16_14_5_3_0_config2_s_layecud  |        0|   64|   32|    0|     5|   16|     1|           80|
    |layer_in_row_Array_V_0_7_U    |cnnshift_arr_ap_fixed_ap_fixed_16_14_5_3_0_config2_s_layecud  |        0|   64|   32|    0|     5|   16|     1|           80|
    |layer_in_row_Array_V_1_7_U    |cnnshift_arr_ap_fixed_ap_fixed_16_14_5_3_0_config2_s_layecud  |        0|   64|   32|    0|     5|   16|     1|           80|
    |layer_in_row_Array_V_0_8_U    |cnnshift_arr_ap_fixed_ap_fixed_16_14_5_3_0_config2_s_layecud  |        0|   64|   32|    0|     5|   16|     1|           80|
    |layer_in_row_Array_V_1_8_U    |cnnshift_arr_ap_fixed_ap_fixed_16_14_5_3_0_config2_s_layecud  |        0|   64|   32|    0|     5|   16|     1|           80|
    |layer_in_row_Array_V_0_9_U    |cnnshift_arr_ap_fixed_ap_fixed_16_14_5_3_0_config2_s_layecud  |        0|   64|   32|    0|     5|   16|     1|           80|
    |layer_in_row_Array_V_1_9_U    |cnnshift_arr_ap_fixed_ap_fixed_16_14_5_3_0_config2_s_layecud  |        0|   64|   32|    0|     5|   16|     1|           80|
    |layer_in_row_Array_V_0_10_U   |cnnshift_arr_ap_fixed_ap_fixed_16_14_5_3_0_config2_s_layecud  |        0|   64|   32|    0|     5|   16|     1|           80|
    |layer_in_row_Array_V_1_10_U   |cnnshift_arr_ap_fixed_ap_fixed_16_14_5_3_0_config2_s_layecud  |        0|   64|   32|    0|     5|   16|     1|           80|
    |layer_in_row_Array_V_0_11_U   |cnnshift_arr_ap_fixed_ap_fixed_16_14_5_3_0_config2_s_layecud  |        0|   64|   32|    0|     5|   16|     1|           80|
    |layer_in_row_Array_V_1_11_U   |cnnshift_arr_ap_fixed_ap_fixed_16_14_5_3_0_config2_s_layecud  |        0|   64|   32|    0|     5|   16|     1|           80|
    |layer_in_row_Array_V_0_12_U   |cnnshift_arr_ap_fixed_ap_fixed_16_14_5_3_0_config2_s_layecud  |        0|   64|   32|    0|     5|   16|     1|           80|
    |layer_in_row_Array_V_1_12_U   |cnnshift_arr_ap_fixed_ap_fixed_16_14_5_3_0_config2_s_layecud  |        0|   64|   32|    0|     5|   16|     1|           80|
    |layer_in_row_Array_V_0_13_U   |cnnshift_arr_ap_fixed_ap_fixed_16_14_5_3_0_config2_s_layecud  |        0|   64|   32|    0|     5|   16|     1|           80|
    |layer_in_row_Array_V_1_13_U   |cnnshift_arr_ap_fixed_ap_fixed_16_14_5_3_0_config2_s_layecud  |        0|   64|   32|    0|     5|   16|     1|           80|
    |layer_in_row_Array_V_0_14_U   |cnnshift_arr_ap_fixed_ap_fixed_16_14_5_3_0_config2_s_layecud  |        0|   64|   32|    0|     5|   16|     1|           80|
    |layer_in_row_Array_V_1_14_U   |cnnshift_arr_ap_fixed_ap_fixed_16_14_5_3_0_config2_s_layecud  |        0|   64|   32|    0|     5|   16|     1|           80|
    |layer_in_row_Array_V_0_15_U   |cnnshift_arr_ap_fixed_ap_fixed_16_14_5_3_0_config2_s_layecud  |        0|   64|   32|    0|     5|   16|     1|           80|
    |layer_in_row_Array_V_1_15_U   |cnnshift_arr_ap_fixed_ap_fixed_16_14_5_3_0_config2_s_layecud  |        0|   64|   32|    0|     5|   16|     1|           80|
    |layer_in_row_Array_V_0_16_U   |cnnshift_arr_ap_fixed_ap_fixed_16_14_5_3_0_config2_s_layecud  |        0|   64|   32|    0|     5|   16|     1|           80|
    |layer_in_row_Array_V_1_16_U   |cnnshift_arr_ap_fixed_ap_fixed_16_14_5_3_0_config2_s_layecud  |        0|   64|   32|    0|     5|   16|     1|           80|
    |layer_in_row_Array_V_0_17_U   |cnnshift_arr_ap_fixed_ap_fixed_16_14_5_3_0_config2_s_layecud  |        0|   64|   32|    0|     5|   16|     1|           80|
    |layer_in_row_Array_V_1_17_U   |cnnshift_arr_ap_fixed_ap_fixed_16_14_5_3_0_config2_s_layecud  |        0|   64|   32|    0|     5|   16|     1|           80|
    |layer_in_row_Array_V_0_18_U   |cnnshift_arr_ap_fixed_ap_fixed_16_14_5_3_0_config2_s_layecud  |        0|   64|   32|    0|     5|   16|     1|           80|
    |layer_in_row_Array_V_1_18_U   |cnnshift_arr_ap_fixed_ap_fixed_16_14_5_3_0_config2_s_layecud  |        0|   64|   32|    0|     5|   16|     1|           80|
    |layer_in_row_Array_V_0_19_U   |cnnshift_arr_ap_fixed_ap_fixed_16_14_5_3_0_config2_s_layecud  |        0|   64|   32|    0|     5|   16|     1|           80|
    |layer_in_row_Array_V_1_19_U   |cnnshift_arr_ap_fixed_ap_fixed_16_14_5_3_0_config2_s_layecud  |        0|   64|   32|    0|     5|   16|     1|           80|
    |layer_in_row_Array_V_0_20_U   |cnnshift_arr_ap_fixed_ap_fixed_16_14_5_3_0_config2_s_layecud  |        0|   64|   32|    0|     5|   16|     1|           80|
    |layer_in_row_Array_V_1_20_U   |cnnshift_arr_ap_fixed_ap_fixed_16_14_5_3_0_config2_s_layecud  |        0|   64|   32|    0|     5|   16|     1|           80|
    |layer_in_row_Array_V_0_21_U   |cnnshift_arr_ap_fixed_ap_fixed_16_14_5_3_0_config2_s_layecud  |        0|   64|   32|    0|     5|   16|     1|           80|
    |layer_in_row_Array_V_1_21_U   |cnnshift_arr_ap_fixed_ap_fixed_16_14_5_3_0_config2_s_layecud  |        0|   64|   32|    0|     5|   16|     1|           80|
    |layer_in_row_Array_V_0_22_U   |cnnshift_arr_ap_fixed_ap_fixed_16_14_5_3_0_config2_s_layecud  |        0|   64|   32|    0|     5|   16|     1|           80|
    |layer_in_row_Array_V_1_22_U   |cnnshift_arr_ap_fixed_ap_fixed_16_14_5_3_0_config2_s_layecud  |        0|   64|   32|    0|     5|   16|     1|           80|
    |layer_in_row_Array_V_0_23_U   |cnnshift_arr_ap_fixed_ap_fixed_16_14_5_3_0_config2_s_layecud  |        0|   64|   32|    0|     5|   16|     1|           80|
    |layer_in_row_Array_V_1_23_U   |cnnshift_arr_ap_fixed_ap_fixed_16_14_5_3_0_config2_s_layecud  |        0|   64|   32|    0|     5|   16|     1|           80|
    |layer_in_row_Array_V_0_24_U   |cnnshift_arr_ap_fixed_ap_fixed_16_14_5_3_0_config2_s_layecud  |        0|   64|   32|    0|     5|   16|     1|           80|
    |layer_in_row_Array_V_1_24_U   |cnnshift_arr_ap_fixed_ap_fixed_16_14_5_3_0_config2_s_layecud  |        0|   64|   32|    0|     5|   16|     1|           80|
    |layer_in_row_Array_V_0_25_U   |cnnshift_arr_ap_fixed_ap_fixed_16_14_5_3_0_config2_s_layecud  |        0|   64|   32|    0|     5|   16|     1|           80|
    |layer_in_row_Array_V_1_25_U   |cnnshift_arr_ap_fixed_ap_fixed_16_14_5_3_0_config2_s_layecud  |        0|   64|   32|    0|     5|   16|     1|           80|
    |layer_in_row_Array_V_0_26_U   |cnnshift_arr_ap_fixed_ap_fixed_16_14_5_3_0_config2_s_layecud  |        0|   64|   32|    0|     5|   16|     1|           80|
    |layer_in_row_Array_V_1_26_U   |cnnshift_arr_ap_fixed_ap_fixed_16_14_5_3_0_config2_s_layecud  |        0|   64|   32|    0|     5|   16|     1|           80|
    |layer_in_row_Array_V_0_27_U   |cnnshift_arr_ap_fixed_ap_fixed_16_14_5_3_0_config2_s_layecud  |        0|   64|   32|    0|     5|   16|     1|           80|
    |layer_in_row_Array_V_1_27_U   |cnnshift_arr_ap_fixed_ap_fixed_16_14_5_3_0_config2_s_layecud  |        0|   64|   32|    0|     5|   16|     1|           80|
    |layer_in_row_Array_V_0_28_U   |cnnshift_arr_ap_fixed_ap_fixed_16_14_5_3_0_config2_s_layecud  |        0|   64|   32|    0|     5|   16|     1|           80|
    |layer_in_row_Array_V_1_28_U   |cnnshift_arr_ap_fixed_ap_fixed_16_14_5_3_0_config2_s_layecud  |        0|   64|   32|    0|     5|   16|     1|           80|
    |layer_in_row_Array_V_0_29_U   |cnnshift_arr_ap_fixed_ap_fixed_16_14_5_3_0_config2_s_layecud  |        0|   64|   32|    0|     5|   16|     1|           80|
    |layer_in_row_Array_V_1_29_U   |cnnshift_arr_ap_fixed_ap_fixed_16_14_5_3_0_config2_s_layecud  |        0|   64|   32|    0|     5|   16|     1|           80|
    |layer_in_row_Array_V_0_30_U   |cnnshift_arr_ap_fixed_ap_fixed_16_14_5_3_0_config2_s_layecud  |        0|   64|   32|    0|     5|   16|     1|           80|
    |layer_in_row_Array_V_1_30_U   |cnnshift_arr_ap_fixed_ap_fixed_16_14_5_3_0_config2_s_layecud  |        0|   64|   32|    0|     5|   16|     1|           80|
    |layer_in_row_Array_V_0_31_U   |cnnshift_arr_ap_fixed_ap_fixed_16_14_5_3_0_config2_s_layecud  |        0|   64|   32|    0|     5|   16|     1|           80|
    |layer_in_row_Array_V_1_31_U   |cnnshift_arr_ap_fixed_ap_fixed_16_14_5_3_0_config2_s_layecud  |        0|   64|   32|    0|     5|   16|     1|           80|
    |layer_in_row_Array_V_0_32_U   |cnnshift_arr_ap_fixed_ap_fixed_16_14_5_3_0_config2_s_layecud  |        0|   64|   32|    0|     5|   16|     1|           80|
    |layer_in_row_Array_V_1_32_U   |cnnshift_arr_ap_fixed_ap_fixed_16_14_5_3_0_config2_s_layecud  |        0|   64|   32|    0|     5|   16|     1|           80|
    |layer_in_row_Array_V_0_33_U   |cnnshift_arr_ap_fixed_ap_fixed_16_14_5_3_0_config2_s_layecud  |        0|   64|   32|    0|     5|   16|     1|           80|
    |layer_in_row_Array_V_1_33_U   |cnnshift_arr_ap_fixed_ap_fixed_16_14_5_3_0_config2_s_layecud  |        0|   64|   32|    0|     5|   16|     1|           80|
    |layer_in_row_Array_V_0_34_U   |cnnshift_arr_ap_fixed_ap_fixed_16_14_5_3_0_config2_s_layecud  |        0|   64|   32|    0|     5|   16|     1|           80|
    |layer_in_row_Array_V_1_34_U   |cnnshift_arr_ap_fixed_ap_fixed_16_14_5_3_0_config2_s_layecud  |        0|   64|   32|    0|     5|   16|     1|           80|
    |layer_in_row_Array_V_0_35_U   |cnnshift_arr_ap_fixed_ap_fixed_16_14_5_3_0_config2_s_layecud  |        0|   64|   32|    0|     5|   16|     1|           80|
    |layer_in_row_Array_V_1_35_U   |cnnshift_arr_ap_fixed_ap_fixed_16_14_5_3_0_config2_s_layecud  |        0|   64|   32|    0|     5|   16|     1|           80|
    |layer_in_row_Array_V_0_36_U   |cnnshift_arr_ap_fixed_ap_fixed_16_14_5_3_0_config2_s_layecud  |        0|   64|   32|    0|     5|   16|     1|           80|
    |layer_in_row_Array_V_1_36_U   |cnnshift_arr_ap_fixed_ap_fixed_16_14_5_3_0_config2_s_layecud  |        0|   64|   32|    0|     5|   16|     1|           80|
    |layer_in_row_Array_V_0_37_U   |cnnshift_arr_ap_fixed_ap_fixed_16_14_5_3_0_config2_s_layecud  |        0|   64|   32|    0|     5|   16|     1|           80|
    |layer_in_row_Array_V_1_37_U   |cnnshift_arr_ap_fixed_ap_fixed_16_14_5_3_0_config2_s_layecud  |        0|   64|   32|    0|     5|   16|     1|           80|
    |layer_in_row_Array_V_0_38_U   |cnnshift_arr_ap_fixed_ap_fixed_16_14_5_3_0_config2_s_layecud  |        0|   64|   32|    0|     5|   16|     1|           80|
    |layer_in_row_Array_V_1_38_U   |cnnshift_arr_ap_fixed_ap_fixed_16_14_5_3_0_config2_s_layecud  |        0|   64|   32|    0|     5|   16|     1|           80|
    |layer_in_row_Array_V_0_39_U   |cnnshift_arr_ap_fixed_ap_fixed_16_14_5_3_0_config2_s_layecud  |        0|   64|   32|    0|     5|   16|     1|           80|
    |layer_in_row_Array_V_1_39_U   |cnnshift_arr_ap_fixed_ap_fixed_16_14_5_3_0_config2_s_layecud  |        0|   64|   32|    0|     5|   16|     1|           80|
    |layer_in_row_Array_V_0_40_U   |cnnshift_arr_ap_fixed_ap_fixed_16_14_5_3_0_config2_s_layecud  |        0|   64|   32|    0|     5|   16|     1|           80|
    |layer_in_row_Array_V_1_40_U   |cnnshift_arr_ap_fixed_ap_fixed_16_14_5_3_0_config2_s_layecud  |        0|   64|   32|    0|     5|   16|     1|           80|
    |layer_in_row_Array_V_0_41_U   |cnnshift_arr_ap_fixed_ap_fixed_16_14_5_3_0_config2_s_layecud  |        0|   64|   32|    0|     5|   16|     1|           80|
    |layer_in_row_Array_V_1_41_U   |cnnshift_arr_ap_fixed_ap_fixed_16_14_5_3_0_config2_s_layecud  |        0|   64|   32|    0|     5|   16|     1|           80|
    |layer_in_row_Array_V_0_42_U   |cnnshift_arr_ap_fixed_ap_fixed_16_14_5_3_0_config2_s_layecud  |        0|   64|   32|    0|     5|   16|     1|           80|
    |layer_in_row_Array_V_1_42_U   |cnnshift_arr_ap_fixed_ap_fixed_16_14_5_3_0_config2_s_layecud  |        0|   64|   32|    0|     5|   16|     1|           80|
    |layer_in_row_Array_V_0_43_U   |cnnshift_arr_ap_fixed_ap_fixed_16_14_5_3_0_config2_s_layecud  |        0|   64|   32|    0|     5|   16|     1|           80|
    |layer_in_row_Array_V_1_43_U   |cnnshift_arr_ap_fixed_ap_fixed_16_14_5_3_0_config2_s_layecud  |        0|   64|   32|    0|     5|   16|     1|           80|
    |layer_in_row_Array_V_0_44_U   |cnnshift_arr_ap_fixed_ap_fixed_16_14_5_3_0_config2_s_layecud  |        0|   64|   32|    0|     5|   16|     1|           80|
    |layer_in_row_Array_V_1_44_U   |cnnshift_arr_ap_fixed_ap_fixed_16_14_5_3_0_config2_s_layecud  |        0|   64|   32|    0|     5|   16|     1|           80|
    |layer_in_row_Array_V_0_45_U   |cnnshift_arr_ap_fixed_ap_fixed_16_14_5_3_0_config2_s_layecud  |        0|   64|   32|    0|     5|   16|     1|           80|
    |layer_in_row_Array_V_1_45_U   |cnnshift_arr_ap_fixed_ap_fixed_16_14_5_3_0_config2_s_layecud  |        0|   64|   32|    0|     5|   16|     1|           80|
    |layer_in_row_Array_V_0_46_U   |cnnshift_arr_ap_fixed_ap_fixed_16_14_5_3_0_config2_s_layecud  |        0|   64|   32|    0|     5|   16|     1|           80|
    |layer_in_row_Array_V_1_46_U   |cnnshift_arr_ap_fixed_ap_fixed_16_14_5_3_0_config2_s_layecud  |        0|   64|   32|    0|     5|   16|     1|           80|
    |layer_in_row_Array_V_0_47_U   |cnnshift_arr_ap_fixed_ap_fixed_16_14_5_3_0_config2_s_layecud  |        0|   64|   32|    0|     5|   16|     1|           80|
    |layer_in_row_Array_V_1_47_U   |cnnshift_arr_ap_fixed_ap_fixed_16_14_5_3_0_config2_s_layecud  |        0|   64|   32|    0|     5|   16|     1|           80|
    |layer_in_row_Array_V_0_48_U   |cnnshift_arr_ap_fixed_ap_fixed_16_14_5_3_0_config2_s_layecud  |        0|   64|   32|    0|     5|   16|     1|           80|
    |layer_in_row_Array_V_1_48_U   |cnnshift_arr_ap_fixed_ap_fixed_16_14_5_3_0_config2_s_layecud  |        0|   64|   32|    0|     5|   16|     1|           80|
    |layer_in_row_Array_V_0_49_U   |cnnshift_arr_ap_fixed_ap_fixed_16_14_5_3_0_config2_s_layecud  |        0|   64|   32|    0|     5|   16|     1|           80|
    |layer_in_row_Array_V_1_49_U   |cnnshift_arr_ap_fixed_ap_fixed_16_14_5_3_0_config2_s_layecud  |        0|   64|   32|    0|     5|   16|     1|           80|
    |layer_in_row_Array_V_0_50_U   |cnnshift_arr_ap_fixed_ap_fixed_16_14_5_3_0_config2_s_layecud  |        0|   64|   32|    0|     5|   16|     1|           80|
    |layer_in_row_Array_V_1_50_U   |cnnshift_arr_ap_fixed_ap_fixed_16_14_5_3_0_config2_s_layecud  |        0|   64|   32|    0|     5|   16|     1|           80|
    |layer_in_row_Array_V_0_51_U   |cnnshift_arr_ap_fixed_ap_fixed_16_14_5_3_0_config2_s_layecud  |        0|   64|   32|    0|     5|   16|     1|           80|
    |layer_in_row_Array_V_1_51_U   |cnnshift_arr_ap_fixed_ap_fixed_16_14_5_3_0_config2_s_layecud  |        0|   64|   32|    0|     5|   16|     1|           80|
    |layer_in_row_Array_V_0_52_U   |cnnshift_arr_ap_fixed_ap_fixed_16_14_5_3_0_config2_s_layecud  |        0|   64|   32|    0|     5|   16|     1|           80|
    |layer_in_row_Array_V_1_52_U   |cnnshift_arr_ap_fixed_ap_fixed_16_14_5_3_0_config2_s_layecud  |        0|   64|   32|    0|     5|   16|     1|           80|
    |layer_in_row_Array_V_0_53_U   |cnnshift_arr_ap_fixed_ap_fixed_16_14_5_3_0_config2_s_layecud  |        0|   64|   32|    0|     5|   16|     1|           80|
    |layer_in_row_Array_V_1_53_U   |cnnshift_arr_ap_fixed_ap_fixed_16_14_5_3_0_config2_s_layecud  |        0|   64|   32|    0|     5|   16|     1|           80|
    |layer_in_row_Array_V_0_54_U   |cnnshift_arr_ap_fixed_ap_fixed_16_14_5_3_0_config2_s_layecud  |        0|   64|   32|    0|     5|   16|     1|           80|
    |layer_in_row_Array_V_1_54_U   |cnnshift_arr_ap_fixed_ap_fixed_16_14_5_3_0_config2_s_layecud  |        0|   64|   32|    0|     5|   16|     1|           80|
    |layer_in_row_Array_V_0_55_U   |cnnshift_arr_ap_fixed_ap_fixed_16_14_5_3_0_config2_s_layecud  |        0|   64|   32|    0|     5|   16|     1|           80|
    |layer_in_row_Array_V_1_55_U   |cnnshift_arr_ap_fixed_ap_fixed_16_14_5_3_0_config2_s_layecud  |        0|   64|   32|    0|     5|   16|     1|           80|
    |layer_in_row_Array_V_0_56_U   |cnnshift_arr_ap_fixed_ap_fixed_16_14_5_3_0_config2_s_layecud  |        0|   64|   32|    0|     5|   16|     1|           80|
    |layer_in_row_Array_V_1_56_U   |cnnshift_arr_ap_fixed_ap_fixed_16_14_5_3_0_config2_s_layecud  |        0|   64|   32|    0|     5|   16|     1|           80|
    |layer_in_row_Array_V_0_57_U   |cnnshift_arr_ap_fixed_ap_fixed_16_14_5_3_0_config2_s_layecud  |        0|   64|   32|    0|     5|   16|     1|           80|
    |layer_in_row_Array_V_1_57_U   |cnnshift_arr_ap_fixed_ap_fixed_16_14_5_3_0_config2_s_layecud  |        0|   64|   32|    0|     5|   16|     1|           80|
    |layer_in_row_Array_V_0_58_U   |cnnshift_arr_ap_fixed_ap_fixed_16_14_5_3_0_config2_s_layecud  |        0|   64|   32|    0|     5|   16|     1|           80|
    |layer_in_row_Array_V_1_58_U   |cnnshift_arr_ap_fixed_ap_fixed_16_14_5_3_0_config2_s_layecud  |        0|   64|   32|    0|     5|   16|     1|           80|
    |layer_in_row_Array_V_0_59_U   |cnnshift_arr_ap_fixed_ap_fixed_16_14_5_3_0_config2_s_layecud  |        0|   64|   32|    0|     5|   16|     1|           80|
    |layer_in_row_Array_V_1_59_U   |cnnshift_arr_ap_fixed_ap_fixed_16_14_5_3_0_config2_s_layecud  |        0|   64|   32|    0|     5|   16|     1|           80|
    |layer_in_row_Array_V_0_60_U   |cnnshift_arr_ap_fixed_ap_fixed_16_14_5_3_0_config2_s_layecud  |        0|   64|   32|    0|     5|   16|     1|           80|
    |layer_in_row_Array_V_1_60_U   |cnnshift_arr_ap_fixed_ap_fixed_16_14_5_3_0_config2_s_layecud  |        0|   64|   32|    0|     5|   16|     1|           80|
    |layer_in_row_Array_V_0_61_U   |cnnshift_arr_ap_fixed_ap_fixed_16_14_5_3_0_config2_s_layecud  |        0|   64|   32|    0|     5|   16|     1|           80|
    |layer_in_row_Array_V_1_61_U   |cnnshift_arr_ap_fixed_ap_fixed_16_14_5_3_0_config2_s_layecud  |        0|   64|   32|    0|     5|   16|     1|           80|
    |layer_in_row_Array_V_0_62_U   |cnnshift_arr_ap_fixed_ap_fixed_16_14_5_3_0_config2_s_layecud  |        0|   64|   32|    0|     5|   16|     1|           80|
    |layer_in_row_Array_V_1_62_U   |cnnshift_arr_ap_fixed_ap_fixed_16_14_5_3_0_config2_s_layecud  |        0|   64|   32|    0|     5|   16|     1|           80|
    |layer_in_row_Array_V_0_63_U   |cnnshift_arr_ap_fixed_ap_fixed_16_14_5_3_0_config2_s_layecud  |        0|   64|   32|    0|     5|   16|     1|           80|
    |layer_in_row_Array_V_1_63_U   |cnnshift_arr_ap_fixed_ap_fixed_16_14_5_3_0_config2_s_layecud  |        0|   64|   32|    0|     5|   16|     1|           80|
    |layer_in_row_Array_V_0_64_U   |cnnshift_arr_ap_fixed_ap_fixed_16_14_5_3_0_config2_s_layecud  |        0|   64|   32|    0|     5|   16|     1|           80|
    |layer_in_row_Array_V_1_64_U   |cnnshift_arr_ap_fixed_ap_fixed_16_14_5_3_0_config2_s_layecud  |        0|   64|   32|    0|     5|   16|     1|           80|
    |layer_in_row_Array_V_0_65_U   |cnnshift_arr_ap_fixed_ap_fixed_16_14_5_3_0_config2_s_layecud  |        0|   64|   32|    0|     5|   16|     1|           80|
    |layer_in_row_Array_V_1_65_U   |cnnshift_arr_ap_fixed_ap_fixed_16_14_5_3_0_config2_s_layecud  |        0|   64|   32|    0|     5|   16|     1|           80|
    |layer_in_row_Array_V_0_66_U   |cnnshift_arr_ap_fixed_ap_fixed_16_14_5_3_0_config2_s_layecud  |        0|   64|   32|    0|     5|   16|     1|           80|
    |layer_in_row_Array_V_1_66_U   |cnnshift_arr_ap_fixed_ap_fixed_16_14_5_3_0_config2_s_layecud  |        0|   64|   32|    0|     5|   16|     1|           80|
    |layer_in_row_Array_V_0_67_U   |cnnshift_arr_ap_fixed_ap_fixed_16_14_5_3_0_config2_s_layecud  |        0|   64|   32|    0|     5|   16|     1|           80|
    |layer_in_row_Array_V_1_67_U   |cnnshift_arr_ap_fixed_ap_fixed_16_14_5_3_0_config2_s_layecud  |        0|   64|   32|    0|     5|   16|     1|           80|
    |layer_in_row_Array_V_0_68_U   |cnnshift_arr_ap_fixed_ap_fixed_16_14_5_3_0_config2_s_layecud  |        0|   64|   32|    0|     5|   16|     1|           80|
    |layer_in_row_Array_V_1_68_U   |cnnshift_arr_ap_fixed_ap_fixed_16_14_5_3_0_config2_s_layecud  |        0|   64|   32|    0|     5|   16|     1|           80|
    |layer_in_row_Array_V_0_69_U   |cnnshift_arr_ap_fixed_ap_fixed_16_14_5_3_0_config2_s_layecud  |        0|   64|   32|    0|     5|   16|     1|           80|
    |layer_in_row_Array_V_1_69_U   |cnnshift_arr_ap_fixed_ap_fixed_16_14_5_3_0_config2_s_layecud  |        0|   64|   32|    0|     5|   16|     1|           80|
    |layer_in_row_Array_V_0_70_U   |cnnshift_arr_ap_fixed_ap_fixed_16_14_5_3_0_config2_s_layecud  |        0|   64|   32|    0|     5|   16|     1|           80|
    |layer_in_row_Array_V_1_70_U   |cnnshift_arr_ap_fixed_ap_fixed_16_14_5_3_0_config2_s_layecud  |        0|   64|   32|    0|     5|   16|     1|           80|
    |layer_in_row_Array_V_0_71_U   |cnnshift_arr_ap_fixed_ap_fixed_16_14_5_3_0_config2_s_layecud  |        0|   64|   32|    0|     5|   16|     1|           80|
    |layer_in_row_Array_V_1_71_U   |cnnshift_arr_ap_fixed_ap_fixed_16_14_5_3_0_config2_s_layecud  |        0|   64|   32|    0|     5|   16|     1|           80|
    |layer_in_row_Array_V_0_72_U   |cnnshift_arr_ap_fixed_ap_fixed_16_14_5_3_0_config2_s_layecud  |        0|   64|   32|    0|     5|   16|     1|           80|
    |layer_in_row_Array_V_1_72_U   |cnnshift_arr_ap_fixed_ap_fixed_16_14_5_3_0_config2_s_layecud  |        0|   64|   32|    0|     5|   16|     1|           80|
    |layer_in_row_Array_V_0_73_U   |cnnshift_arr_ap_fixed_ap_fixed_16_14_5_3_0_config2_s_layecud  |        0|   64|   32|    0|     5|   16|     1|           80|
    |layer_in_row_Array_V_1_73_U   |cnnshift_arr_ap_fixed_ap_fixed_16_14_5_3_0_config2_s_layecud  |        0|   64|   32|    0|     5|   16|     1|           80|
    |layer_in_row_Array_V_0_74_U   |cnnshift_arr_ap_fixed_ap_fixed_16_14_5_3_0_config2_s_layecud  |        0|   64|   32|    0|     5|   16|     1|           80|
    |layer_in_row_Array_V_1_74_U   |cnnshift_arr_ap_fixed_ap_fixed_16_14_5_3_0_config2_s_layecud  |        0|   64|   32|    0|     5|   16|     1|           80|
    |layer_in_row_Array_V_0_75_U   |cnnshift_arr_ap_fixed_ap_fixed_16_14_5_3_0_config2_s_layecud  |        0|   64|   32|    0|     5|   16|     1|           80|
    |layer_in_row_Array_V_1_75_U   |cnnshift_arr_ap_fixed_ap_fixed_16_14_5_3_0_config2_s_layecud  |        0|   64|   32|    0|     5|   16|     1|           80|
    |layer_in_row_Array_V_0_76_U   |cnnshift_arr_ap_fixed_ap_fixed_16_14_5_3_0_config2_s_layecud  |        0|   64|   32|    0|     5|   16|     1|           80|
    |layer_in_row_Array_V_1_76_U   |cnnshift_arr_ap_fixed_ap_fixed_16_14_5_3_0_config2_s_layecud  |        0|   64|   32|    0|     5|   16|     1|           80|
    |layer_in_row_Array_V_0_77_U   |cnnshift_arr_ap_fixed_ap_fixed_16_14_5_3_0_config2_s_layecud  |        0|   64|   32|    0|     5|   16|     1|           80|
    |layer_in_row_Array_V_1_77_U   |cnnshift_arr_ap_fixed_ap_fixed_16_14_5_3_0_config2_s_layecud  |        0|   64|   32|    0|     5|   16|     1|           80|
    |layer_in_row_Array_V_0_78_U   |cnnshift_arr_ap_fixed_ap_fixed_16_14_5_3_0_config2_s_layecud  |        0|   64|   32|    0|     5|   16|     1|           80|
    |layer_in_row_Array_V_1_78_U   |cnnshift_arr_ap_fixed_ap_fixed_16_14_5_3_0_config2_s_layecud  |        0|   64|   32|    0|     5|   16|     1|           80|
    |layer_in_row_Array_V_0_79_U   |cnnshift_arr_ap_fixed_ap_fixed_16_14_5_3_0_config2_s_layecud  |        0|   64|   32|    0|     5|   16|     1|           80|
    |layer_in_row_Array_V_1_79_U   |cnnshift_arr_ap_fixed_ap_fixed_16_14_5_3_0_config2_s_layecud  |        0|   64|   32|    0|     5|   16|     1|           80|
    |layer_in_row_Array_V_0_80_U   |cnnshift_arr_ap_fixed_ap_fixed_16_14_5_3_0_config2_s_layecud  |        0|   64|   32|    0|     5|   16|     1|           80|
    |layer_in_row_Array_V_1_80_U   |cnnshift_arr_ap_fixed_ap_fixed_16_14_5_3_0_config2_s_layecud  |        0|   64|   32|    0|     5|   16|     1|           80|
    |layer_in_row_Array_V_0_81_U   |cnnshift_arr_ap_fixed_ap_fixed_16_14_5_3_0_config2_s_layecud  |        0|   64|   32|    0|     5|   16|     1|           80|
    |layer_in_row_Array_V_1_81_U   |cnnshift_arr_ap_fixed_ap_fixed_16_14_5_3_0_config2_s_layecud  |        0|   64|   32|    0|     5|   16|     1|           80|
    |layer_in_row_Array_V_0_82_U   |cnnshift_arr_ap_fixed_ap_fixed_16_14_5_3_0_config2_s_layecud  |        0|   64|   32|    0|     5|   16|     1|           80|
    |layer_in_row_Array_V_1_82_U   |cnnshift_arr_ap_fixed_ap_fixed_16_14_5_3_0_config2_s_layecud  |        0|   64|   32|    0|     5|   16|     1|           80|
    |layer_in_row_Array_V_0_83_U   |cnnshift_arr_ap_fixed_ap_fixed_16_14_5_3_0_config2_s_layecud  |        0|   64|   32|    0|     5|   16|     1|           80|
    |layer_in_row_Array_V_1_83_U   |cnnshift_arr_ap_fixed_ap_fixed_16_14_5_3_0_config2_s_layecud  |        0|   64|   32|    0|     5|   16|     1|           80|
    |layer_in_row_Array_V_0_84_U   |cnnshift_arr_ap_fixed_ap_fixed_16_14_5_3_0_config2_s_layecud  |        0|   64|   32|    0|     5|   16|     1|           80|
    |layer_in_row_Array_V_1_84_U   |cnnshift_arr_ap_fixed_ap_fixed_16_14_5_3_0_config2_s_layecud  |        0|   64|   32|    0|     5|   16|     1|           80|
    |layer_in_row_Array_V_0_85_U   |cnnshift_arr_ap_fixed_ap_fixed_16_14_5_3_0_config2_s_layecud  |        0|   64|   32|    0|     5|   16|     1|           80|
    |layer_in_row_Array_V_1_85_U   |cnnshift_arr_ap_fixed_ap_fixed_16_14_5_3_0_config2_s_layecud  |        0|   64|   32|    0|     5|   16|     1|           80|
    |layer_in_row_Array_V_0_86_U   |cnnshift_arr_ap_fixed_ap_fixed_16_14_5_3_0_config2_s_layecud  |        0|   64|   32|    0|     5|   16|     1|           80|
    |layer_in_row_Array_V_1_86_U   |cnnshift_arr_ap_fixed_ap_fixed_16_14_5_3_0_config2_s_layecud  |        0|   64|   32|    0|     5|   16|     1|           80|
    |layer_in_row_Array_V_0_87_U   |cnnshift_arr_ap_fixed_ap_fixed_16_14_5_3_0_config2_s_layecud  |        0|   64|   32|    0|     5|   16|     1|           80|
    |layer_in_row_Array_V_1_87_U   |cnnshift_arr_ap_fixed_ap_fixed_16_14_5_3_0_config2_s_layecud  |        0|   64|   32|    0|     5|   16|     1|           80|
    |layer_in_row_Array_V_0_88_U   |cnnshift_arr_ap_fixed_ap_fixed_16_14_5_3_0_config2_s_layecud  |        0|   64|   32|    0|     5|   16|     1|           80|
    |layer_in_row_Array_V_1_88_U   |cnnshift_arr_ap_fixed_ap_fixed_16_14_5_3_0_config2_s_layecud  |        0|   64|   32|    0|     5|   16|     1|           80|
    |layer_in_row_Array_V_0_89_U   |cnnshift_arr_ap_fixed_ap_fixed_16_14_5_3_0_config2_s_layecud  |        0|   64|   32|    0|     5|   16|     1|           80|
    |layer_in_row_Array_V_1_89_U   |cnnshift_arr_ap_fixed_ap_fixed_16_14_5_3_0_config2_s_layecud  |        0|   64|   32|    0|     5|   16|     1|           80|
    |layer_in_row_Array_V_0_90_U   |cnnshift_arr_ap_fixed_ap_fixed_16_14_5_3_0_config2_s_layecud  |        0|   64|   32|    0|     5|   16|     1|           80|
    |layer_in_row_Array_V_1_90_U   |cnnshift_arr_ap_fixed_ap_fixed_16_14_5_3_0_config2_s_layecud  |        0|   64|   32|    0|     5|   16|     1|           80|
    |layer_in_row_Array_V_0_91_U   |cnnshift_arr_ap_fixed_ap_fixed_16_14_5_3_0_config2_s_layecud  |        0|   64|   32|    0|     5|   16|     1|           80|
    |layer_in_row_Array_V_1_91_U   |cnnshift_arr_ap_fixed_ap_fixed_16_14_5_3_0_config2_s_layecud  |        0|   64|   32|    0|     5|   16|     1|           80|
    |layer_in_row_Array_V_0_92_U   |cnnshift_arr_ap_fixed_ap_fixed_16_14_5_3_0_config2_s_layecud  |        0|   64|   32|    0|     5|   16|     1|           80|
    |layer_in_row_Array_V_1_92_U   |cnnshift_arr_ap_fixed_ap_fixed_16_14_5_3_0_config2_s_layecud  |        0|   64|   32|    0|     5|   16|     1|           80|
    |layer_in_row_Array_V_0_93_U   |cnnshift_arr_ap_fixed_ap_fixed_16_14_5_3_0_config2_s_layecud  |        0|   64|   32|    0|     5|   16|     1|           80|
    |layer_in_row_Array_V_1_93_U   |cnnshift_arr_ap_fixed_ap_fixed_16_14_5_3_0_config2_s_layecud  |        0|   64|   32|    0|     5|   16|     1|           80|
    |layer_in_row_Array_V_0_94_U   |cnnshift_arr_ap_fixed_ap_fixed_16_14_5_3_0_config2_s_layecud  |        0|   64|   32|    0|     5|   16|     1|           80|
    |layer_in_row_Array_V_1_94_U   |cnnshift_arr_ap_fixed_ap_fixed_16_14_5_3_0_config2_s_layecud  |        0|   64|   32|    0|     5|   16|     1|           80|
    |layer_in_row_Array_V_0_95_U   |cnnshift_arr_ap_fixed_ap_fixed_16_14_5_3_0_config2_s_layecud  |        0|   64|   32|    0|     5|   16|     1|           80|
    |layer_in_row_Array_V_1_95_U   |cnnshift_arr_ap_fixed_ap_fixed_16_14_5_3_0_config2_s_layecud  |        0|   64|   32|    0|     5|   16|     1|           80|
    |layer_in_row_Array_V_0_96_U   |cnnshift_arr_ap_fixed_ap_fixed_16_14_5_3_0_config2_s_layecud  |        0|   64|   32|    0|     5|   16|     1|           80|
    |layer_in_row_Array_V_1_96_U   |cnnshift_arr_ap_fixed_ap_fixed_16_14_5_3_0_config2_s_layecud  |        0|   64|   32|    0|     5|   16|     1|           80|
    |layer_in_row_Array_V_0_97_U   |cnnshift_arr_ap_fixed_ap_fixed_16_14_5_3_0_config2_s_layecud  |        0|   64|   32|    0|     5|   16|     1|           80|
    |layer_in_row_Array_V_1_97_U   |cnnshift_arr_ap_fixed_ap_fixed_16_14_5_3_0_config2_s_layecud  |        0|   64|   32|    0|     5|   16|     1|           80|
    |layer_in_row_Array_V_0_98_U   |cnnshift_arr_ap_fixed_ap_fixed_16_14_5_3_0_config2_s_layecud  |        0|   64|   32|    0|     5|   16|     1|           80|
    |layer_in_row_Array_V_1_98_U   |cnnshift_arr_ap_fixed_ap_fixed_16_14_5_3_0_config2_s_layecud  |        0|   64|   32|    0|     5|   16|     1|           80|
    |layer_in_row_Array_V_0_99_U   |cnnshift_arr_ap_fixed_ap_fixed_16_14_5_3_0_config2_s_layecud  |        0|   64|   32|    0|     5|   16|     1|           80|
    |layer_in_row_Array_V_1_99_U   |cnnshift_arr_ap_fixed_ap_fixed_16_14_5_3_0_config2_s_layecud  |        0|   64|   32|    0|     5|   16|     1|           80|
    |layer_in_row_Array_V_0_100_U  |cnnshift_arr_ap_fixed_ap_fixed_16_14_5_3_0_config2_s_layecud  |        0|   64|   32|    0|     5|   16|     1|           80|
    |layer_in_row_Array_V_1_100_U  |cnnshift_arr_ap_fixed_ap_fixed_16_14_5_3_0_config2_s_layecud  |        0|   64|   32|    0|     5|   16|     1|           80|
    |layer_in_row_Array_V_0_101_U  |cnnshift_arr_ap_fixed_ap_fixed_16_14_5_3_0_config2_s_layecud  |        0|   64|   32|    0|     5|   16|     1|           80|
    |layer_in_row_Array_V_1_101_U  |cnnshift_arr_ap_fixed_ap_fixed_16_14_5_3_0_config2_s_layecud  |        0|   64|   32|    0|     5|   16|     1|           80|
    |layer_in_row_Array_V_0_102_U  |cnnshift_arr_ap_fixed_ap_fixed_16_14_5_3_0_config2_s_layecud  |        0|   64|   32|    0|     5|   16|     1|           80|
    |layer_in_row_Array_V_1_102_U  |cnnshift_arr_ap_fixed_ap_fixed_16_14_5_3_0_config2_s_layecud  |        0|   64|   32|    0|     5|   16|     1|           80|
    |layer_in_row_Array_V_0_103_U  |cnnshift_arr_ap_fixed_ap_fixed_16_14_5_3_0_config2_s_layecud  |        0|   64|   32|    0|     5|   16|     1|           80|
    |layer_in_row_Array_V_1_103_U  |cnnshift_arr_ap_fixed_ap_fixed_16_14_5_3_0_config2_s_layecud  |        0|   64|   32|    0|     5|   16|     1|           80|
    |layer_in_row_Array_V_0_104_U  |cnnshift_arr_ap_fixed_ap_fixed_16_14_5_3_0_config2_s_layecud  |        0|   64|   32|    0|     5|   16|     1|           80|
    |layer_in_row_Array_V_1_104_U  |cnnshift_arr_ap_fixed_ap_fixed_16_14_5_3_0_config2_s_layecud  |        0|   64|   32|    0|     5|   16|     1|           80|
    |layer_in_row_Array_V_0_105_U  |cnnshift_arr_ap_fixed_ap_fixed_16_14_5_3_0_config2_s_layecud  |        0|   64|   32|    0|     5|   16|     1|           80|
    |layer_in_row_Array_V_1_105_U  |cnnshift_arr_ap_fixed_ap_fixed_16_14_5_3_0_config2_s_layecud  |        0|   64|   32|    0|     5|   16|     1|           80|
    |layer_in_row_Array_V_0_106_U  |cnnshift_arr_ap_fixed_ap_fixed_16_14_5_3_0_config2_s_layecud  |        0|   64|   32|    0|     5|   16|     1|           80|
    |layer_in_row_Array_V_1_106_U  |cnnshift_arr_ap_fixed_ap_fixed_16_14_5_3_0_config2_s_layecud  |        0|   64|   32|    0|     5|   16|     1|           80|
    |layer_in_row_Array_V_0_107_U  |cnnshift_arr_ap_fixed_ap_fixed_16_14_5_3_0_config2_s_layecud  |        0|   64|   32|    0|     5|   16|     1|           80|
    |layer_in_row_Array_V_1_107_U  |cnnshift_arr_ap_fixed_ap_fixed_16_14_5_3_0_config2_s_layecud  |        0|   64|   32|    0|     5|   16|     1|           80|
    |layer_in_row_Array_V_0_108_U  |cnnshift_arr_ap_fixed_ap_fixed_16_14_5_3_0_config2_s_layecud  |        0|   64|   32|    0|     5|   16|     1|           80|
    |layer_in_row_Array_V_1_108_U  |cnnshift_arr_ap_fixed_ap_fixed_16_14_5_3_0_config2_s_layecud  |        0|   64|   32|    0|     5|   16|     1|           80|
    |layer_in_row_Array_V_0_109_U  |cnnshift_arr_ap_fixed_ap_fixed_16_14_5_3_0_config2_s_layecud  |        0|   64|   32|    0|     5|   16|     1|           80|
    |layer_in_row_Array_V_1_109_U  |cnnshift_arr_ap_fixed_ap_fixed_16_14_5_3_0_config2_s_layecud  |        0|   64|   32|    0|     5|   16|     1|           80|
    |layer_in_row_Array_V_0_110_U  |cnnshift_arr_ap_fixed_ap_fixed_16_14_5_3_0_config2_s_layecud  |        0|   64|   32|    0|     5|   16|     1|           80|
    |layer_in_row_Array_V_1_110_U  |cnnshift_arr_ap_fixed_ap_fixed_16_14_5_3_0_config2_s_layecud  |        0|   64|   32|    0|     5|   16|     1|           80|
    |layer_in_row_Array_V_0_111_U  |cnnshift_arr_ap_fixed_ap_fixed_16_14_5_3_0_config2_s_layecud  |        0|   64|   32|    0|     5|   16|     1|           80|
    |layer_in_row_Array_V_1_111_U  |cnnshift_arr_ap_fixed_ap_fixed_16_14_5_3_0_config2_s_layecud  |        0|   64|   32|    0|     5|   16|     1|           80|
    |layer_in_row_Array_V_0_112_U  |cnnshift_arr_ap_fixed_ap_fixed_16_14_5_3_0_config2_s_layecud  |        0|   64|   32|    0|     5|   16|     1|           80|
    |layer_in_row_Array_V_1_112_U  |cnnshift_arr_ap_fixed_ap_fixed_16_14_5_3_0_config2_s_layecud  |        0|   64|   32|    0|     5|   16|     1|           80|
    |layer_in_row_Array_V_0_113_U  |cnnshift_arr_ap_fixed_ap_fixed_16_14_5_3_0_config2_s_layecud  |        0|   64|   32|    0|     5|   16|     1|           80|
    |layer_in_row_Array_V_1_113_U  |cnnshift_arr_ap_fixed_ap_fixed_16_14_5_3_0_config2_s_layecud  |        0|   64|   32|    0|     5|   16|     1|           80|
    |layer_in_row_Array_V_0_114_U  |cnnshift_arr_ap_fixed_ap_fixed_16_14_5_3_0_config2_s_layecud  |        0|   64|   32|    0|     5|   16|     1|           80|
    |layer_in_row_Array_V_1_114_U  |cnnshift_arr_ap_fixed_ap_fixed_16_14_5_3_0_config2_s_layecud  |        0|   64|   32|    0|     5|   16|     1|           80|
    |layer_in_row_Array_V_0_115_U  |cnnshift_arr_ap_fixed_ap_fixed_16_14_5_3_0_config2_s_layecud  |        0|   64|   32|    0|     5|   16|     1|           80|
    |layer_in_row_Array_V_1_115_U  |cnnshift_arr_ap_fixed_ap_fixed_16_14_5_3_0_config2_s_layecud  |        0|   64|   32|    0|     5|   16|     1|           80|
    |layer_in_row_Array_V_0_116_U  |cnnshift_arr_ap_fixed_ap_fixed_16_14_5_3_0_config2_s_layecud  |        0|   64|   32|    0|     5|   16|     1|           80|
    |layer_in_row_Array_V_1_116_U  |cnnshift_arr_ap_fixed_ap_fixed_16_14_5_3_0_config2_s_layecud  |        0|   64|   32|    0|     5|   16|     1|           80|
    |layer_in_row_Array_V_0_117_U  |cnnshift_arr_ap_fixed_ap_fixed_16_14_5_3_0_config2_s_layecud  |        0|   64|   32|    0|     5|   16|     1|           80|
    |layer_in_row_Array_V_1_117_U  |cnnshift_arr_ap_fixed_ap_fixed_16_14_5_3_0_config2_s_layecud  |        0|   64|   32|    0|     5|   16|     1|           80|
    |layer_in_row_Array_V_0_118_U  |cnnshift_arr_ap_fixed_ap_fixed_16_14_5_3_0_config2_s_layecud  |        0|   64|   32|    0|     5|   16|     1|           80|
    |layer_in_row_Array_V_1_118_U  |cnnshift_arr_ap_fixed_ap_fixed_16_14_5_3_0_config2_s_layecud  |        0|   64|   32|    0|     5|   16|     1|           80|
    |layer_in_row_Array_V_0_119_U  |cnnshift_arr_ap_fixed_ap_fixed_16_14_5_3_0_config2_s_layecud  |        0|   64|   32|    0|     5|   16|     1|           80|
    |layer_in_row_Array_V_1_119_U  |cnnshift_arr_ap_fixed_ap_fixed_16_14_5_3_0_config2_s_layecud  |        0|   64|   32|    0|     5|   16|     1|           80|
    |layer_in_row_Array_V_0_120_U  |cnnshift_arr_ap_fixed_ap_fixed_16_14_5_3_0_config2_s_layecud  |        0|   64|   32|    0|     5|   16|     1|           80|
    |layer_in_row_Array_V_1_120_U  |cnnshift_arr_ap_fixed_ap_fixed_16_14_5_3_0_config2_s_layecud  |        0|   64|   32|    0|     5|   16|     1|           80|
    |layer_in_row_Array_V_0_121_U  |cnnshift_arr_ap_fixed_ap_fixed_16_14_5_3_0_config2_s_layecud  |        0|   64|   32|    0|     5|   16|     1|           80|
    |layer_in_row_Array_V_1_121_U  |cnnshift_arr_ap_fixed_ap_fixed_16_14_5_3_0_config2_s_layecud  |        0|   64|   32|    0|     5|   16|     1|           80|
    |layer_in_row_Array_V_0_122_U  |cnnshift_arr_ap_fixed_ap_fixed_16_14_5_3_0_config2_s_layecud  |        0|   64|   32|    0|     5|   16|     1|           80|
    |layer_in_row_Array_V_1_122_U  |cnnshift_arr_ap_fixed_ap_fixed_16_14_5_3_0_config2_s_layecud  |        0|   64|   32|    0|     5|   16|     1|           80|
    |layer_in_row_Array_V_0_123_U  |cnnshift_arr_ap_fixed_ap_fixed_16_14_5_3_0_config2_s_layecud  |        0|   64|   32|    0|     5|   16|     1|           80|
    |layer_in_row_Array_V_1_123_U  |cnnshift_arr_ap_fixed_ap_fixed_16_14_5_3_0_config2_s_layecud  |        0|   64|   32|    0|     5|   16|     1|           80|
    |layer_in_row_Array_V_0_124_U  |cnnshift_arr_ap_fixed_ap_fixed_16_14_5_3_0_config2_s_layecud  |        0|   64|   32|    0|     5|   16|     1|           80|
    |layer_in_row_Array_V_1_124_U  |cnnshift_arr_ap_fixed_ap_fixed_16_14_5_3_0_config2_s_layecud  |        0|   64|   32|    0|     5|   16|     1|           80|
    |layer_in_row_Array_V_0_125_U  |cnnshift_arr_ap_fixed_ap_fixed_16_14_5_3_0_config2_s_layecud  |        0|   64|   32|    0|     5|   16|     1|           80|
    |layer_in_row_Array_V_1_125_U  |cnnshift_arr_ap_fixed_ap_fixed_16_14_5_3_0_config2_s_layecud  |        0|   64|   32|    0|     5|   16|     1|           80|
    |layer_in_row_Array_V_0_126_U  |cnnshift_arr_ap_fixed_ap_fixed_16_14_5_3_0_config2_s_layecud  |        0|   64|   32|    0|     5|   16|     1|           80|
    |layer_in_row_Array_V_1_126_U  |cnnshift_arr_ap_fixed_ap_fixed_16_14_5_3_0_config2_s_layecud  |        0|   64|   32|    0|     5|   16|     1|           80|
    |layer_in_row_Array_V_0_127_U  |cnnshift_arr_ap_fixed_ap_fixed_16_14_5_3_0_config2_s_layecud  |        0|   64|   32|    0|     5|   16|     1|           80|
    |layer_in_row_Array_V_1_127_U  |cnnshift_arr_ap_fixed_ap_fixed_16_14_5_3_0_config2_s_layecud  |        0|   64|   32|    0|     5|   16|     1|           80|
    |layer_in_row_Array_V_0_128_U  |cnnshift_arr_ap_fixed_ap_fixed_16_14_5_3_0_config2_s_layecud  |        0|   64|   32|    0|     5|   16|     1|           80|
    |layer_in_row_Array_V_1_128_U  |cnnshift_arr_ap_fixed_ap_fixed_16_14_5_3_0_config2_s_layecud  |        0|   64|   32|    0|     5|   16|     1|           80|
    |layer_in_row_Array_V_0_129_U  |cnnshift_arr_ap_fixed_ap_fixed_16_14_5_3_0_config2_s_layecud  |        0|   64|   32|    0|     5|   16|     1|           80|
    |layer_in_row_Array_V_1_129_U  |cnnshift_arr_ap_fixed_ap_fixed_16_14_5_3_0_config2_s_layecud  |        0|   64|   32|    0|     5|   16|     1|           80|
    |layer_in_row_Array_V_0_130_U  |cnnshift_arr_ap_fixed_ap_fixed_16_14_5_3_0_config2_s_layecud  |        0|   64|   32|    0|     5|   16|     1|           80|
    |layer_in_row_Array_V_1_130_U  |cnnshift_arr_ap_fixed_ap_fixed_16_14_5_3_0_config2_s_layecud  |        0|   64|   32|    0|     5|   16|     1|           80|
    |layer_in_row_Array_V_0_131_U  |cnnshift_arr_ap_fixed_ap_fixed_16_14_5_3_0_config2_s_layecud  |        0|   64|   32|    0|     5|   16|     1|           80|
    |layer_in_row_Array_V_1_131_U  |cnnshift_arr_ap_fixed_ap_fixed_16_14_5_3_0_config2_s_layecud  |        0|   64|   32|    0|     5|   16|     1|           80|
    |layer_in_row_Array_V_0_132_U  |cnnshift_arr_ap_fixed_ap_fixed_16_14_5_3_0_config2_s_layecud  |        0|   64|   32|    0|     5|   16|     1|           80|
    |layer_in_row_Array_V_1_132_U  |cnnshift_arr_ap_fixed_ap_fixed_16_14_5_3_0_config2_s_layecud  |        0|   64|   32|    0|     5|   16|     1|           80|
    |layer_in_row_Array_V_0_133_U  |cnnshift_arr_ap_fixed_ap_fixed_16_14_5_3_0_config2_s_layecud  |        0|   64|   32|    0|     5|   16|     1|           80|
    |layer_in_row_Array_V_1_133_U  |cnnshift_arr_ap_fixed_ap_fixed_16_14_5_3_0_config2_s_layecud  |        0|   64|   32|    0|     5|   16|     1|           80|
    |layer_in_row_Array_V_0_134_U  |cnnshift_arr_ap_fixed_ap_fixed_16_14_5_3_0_config2_s_layecud  |        0|   64|   32|    0|     5|   16|     1|           80|
    |layer_in_row_Array_V_1_134_U  |cnnshift_arr_ap_fixed_ap_fixed_16_14_5_3_0_config2_s_layecud  |        0|   64|   32|    0|     5|   16|     1|           80|
    |layer_in_row_Array_V_0_135_U  |cnnshift_arr_ap_fixed_ap_fixed_16_14_5_3_0_config2_s_layecud  |        0|   64|   32|    0|     5|   16|     1|           80|
    |layer_in_row_Array_V_1_135_U  |cnnshift_arr_ap_fixed_ap_fixed_16_14_5_3_0_config2_s_layecud  |        0|   64|   32|    0|     5|   16|     1|           80|
    |layer_in_row_Array_V_0_136_U  |cnnshift_arr_ap_fixed_ap_fixed_16_14_5_3_0_config2_s_layecud  |        0|   64|   32|    0|     5|   16|     1|           80|
    |layer_in_row_Array_V_1_136_U  |cnnshift_arr_ap_fixed_ap_fixed_16_14_5_3_0_config2_s_layecud  |        0|   64|   32|    0|     5|   16|     1|           80|
    |layer_in_row_Array_V_0_137_U  |cnnshift_arr_ap_fixed_ap_fixed_16_14_5_3_0_config2_s_layecud  |        0|   64|   32|    0|     5|   16|     1|           80|
    |layer_in_row_Array_V_1_137_U  |cnnshift_arr_ap_fixed_ap_fixed_16_14_5_3_0_config2_s_layecud  |        0|   64|   32|    0|     5|   16|     1|           80|
    |layer_in_row_Array_V_0_138_U  |cnnshift_arr_ap_fixed_ap_fixed_16_14_5_3_0_config2_s_layecud  |        0|   64|   32|    0|     5|   16|     1|           80|
    |layer_in_row_Array_V_1_138_U  |cnnshift_arr_ap_fixed_ap_fixed_16_14_5_3_0_config2_s_layecud  |        0|   64|   32|    0|     5|   16|     1|           80|
    |layer_in_row_Array_V_0_139_U  |cnnshift_arr_ap_fixed_ap_fixed_16_14_5_3_0_config2_s_layecud  |        0|   64|   32|    0|     5|   16|     1|           80|
    |layer_in_row_Array_V_1_139_U  |cnnshift_arr_ap_fixed_ap_fixed_16_14_5_3_0_config2_s_layecud  |        0|   64|   32|    0|     5|   16|     1|           80|
    |layer_in_row_Array_V_0_140_U  |cnnshift_arr_ap_fixed_ap_fixed_16_14_5_3_0_config2_s_layecud  |        0|   64|   32|    0|     5|   16|     1|           80|
    |layer_in_row_Array_V_1_140_U  |cnnshift_arr_ap_fixed_ap_fixed_16_14_5_3_0_config2_s_layecud  |        0|   64|   32|    0|     5|   16|     1|           80|
    |layer_in_row_Array_V_0_141_U  |cnnshift_arr_ap_fixed_ap_fixed_16_14_5_3_0_config2_s_layecud  |        0|   64|   32|    0|     5|   16|     1|           80|
    |layer_in_row_Array_V_1_141_U  |cnnshift_arr_ap_fixed_ap_fixed_16_14_5_3_0_config2_s_layecud  |        0|   64|   32|    0|     5|   16|     1|           80|
    |layer_in_row_Array_V_0_142_U  |cnnshift_arr_ap_fixed_ap_fixed_16_14_5_3_0_config2_s_layecud  |        0|   64|   32|    0|     5|   16|     1|           80|
    |layer_in_row_Array_V_1_142_U  |cnnshift_arr_ap_fixed_ap_fixed_16_14_5_3_0_config2_s_layecud  |        0|   64|   32|    0|     5|   16|     1|           80|
    |layer_in_row_Array_V_0_143_U  |cnnshift_arr_ap_fixed_ap_fixed_16_14_5_3_0_config2_s_layecud  |        0|   64|   32|    0|     5|   16|     1|           80|
    |layer_in_row_Array_V_1_143_U  |cnnshift_arr_ap_fixed_ap_fixed_16_14_5_3_0_config2_s_layecud  |        0|   64|   32|    0|     5|   16|     1|           80|
    |layer_in_row_Array_V_0_144_U  |cnnshift_arr_ap_fixed_ap_fixed_16_14_5_3_0_config2_s_layecud  |        0|   64|   32|    0|     5|   16|     1|           80|
    |layer_in_row_Array_V_1_144_U  |cnnshift_arr_ap_fixed_ap_fixed_16_14_5_3_0_config2_s_layecud  |        0|   64|   32|    0|     5|   16|     1|           80|
    |layer_in_row_Array_V_0_145_U  |cnnshift_arr_ap_fixed_ap_fixed_16_14_5_3_0_config2_s_layecud  |        0|   64|   32|    0|     5|   16|     1|           80|
    |layer_in_row_Array_V_1_145_U  |cnnshift_arr_ap_fixed_ap_fixed_16_14_5_3_0_config2_s_layecud  |        0|   64|   32|    0|     5|   16|     1|           80|
    |layer_in_row_Array_V_0_146_U  |cnnshift_arr_ap_fixed_ap_fixed_16_14_5_3_0_config2_s_layecud  |        0|   64|   32|    0|     5|   16|     1|           80|
    |layer_in_row_Array_V_1_146_U  |cnnshift_arr_ap_fixed_ap_fixed_16_14_5_3_0_config2_s_layecud  |        0|   64|   32|    0|     5|   16|     1|           80|
    |layer_in_row_Array_V_0_147_U  |cnnshift_arr_ap_fixed_ap_fixed_16_14_5_3_0_config2_s_layecud  |        0|   64|   32|    0|     5|   16|     1|           80|
    |layer_in_row_Array_V_1_147_U  |cnnshift_arr_ap_fixed_ap_fixed_16_14_5_3_0_config2_s_layecud  |        0|   64|   32|    0|     5|   16|     1|           80|
    |layer_in_row_Array_V_0_148_U  |cnnshift_arr_ap_fixed_ap_fixed_16_14_5_3_0_config2_s_layecud  |        0|   64|   32|    0|     5|   16|     1|           80|
    |layer_in_row_Array_V_1_148_U  |cnnshift_arr_ap_fixed_ap_fixed_16_14_5_3_0_config2_s_layecud  |        0|   64|   32|    0|     5|   16|     1|           80|
    |layer_in_row_Array_V_0_149_U  |cnnshift_arr_ap_fixed_ap_fixed_16_14_5_3_0_config2_s_layecud  |        0|   64|   32|    0|     5|   16|     1|           80|
    |layer_in_row_Array_V_1_149_U  |cnnshift_arr_ap_fixed_ap_fixed_16_14_5_3_0_config2_s_layecud  |        0|   64|   32|    0|     5|   16|     1|           80|
    |layer_in_row_Array_V_0_150_U  |cnnshift_arr_ap_fixed_ap_fixed_16_14_5_3_0_config2_s_layecud  |        0|   64|   32|    0|     5|   16|     1|           80|
    |layer_in_row_Array_V_1_150_U  |cnnshift_arr_ap_fixed_ap_fixed_16_14_5_3_0_config2_s_layecud  |        0|   64|   32|    0|     5|   16|     1|           80|
    |layer_in_row_Array_V_0_151_U  |cnnshift_arr_ap_fixed_ap_fixed_16_14_5_3_0_config2_s_layecud  |        0|   64|   32|    0|     5|   16|     1|           80|
    |layer_in_row_Array_V_1_151_U  |cnnshift_arr_ap_fixed_ap_fixed_16_14_5_3_0_config2_s_layecud  |        0|   64|   32|    0|     5|   16|     1|           80|
    |layer_in_row_Array_V_0_152_U  |cnnshift_arr_ap_fixed_ap_fixed_16_14_5_3_0_config2_s_layecud  |        0|   64|   32|    0|     5|   16|     1|           80|
    |layer_in_row_Array_V_1_152_U  |cnnshift_arr_ap_fixed_ap_fixed_16_14_5_3_0_config2_s_layecud  |        0|   64|   32|    0|     5|   16|     1|           80|
    |layer_in_row_Array_V_0_153_U  |cnnshift_arr_ap_fixed_ap_fixed_16_14_5_3_0_config2_s_layecud  |        0|   64|   32|    0|     5|   16|     1|           80|
    |layer_in_row_Array_V_1_153_U  |cnnshift_arr_ap_fixed_ap_fixed_16_14_5_3_0_config2_s_layecud  |        0|   64|   32|    0|     5|   16|     1|           80|
    |layer_in_row_Array_V_0_154_U  |cnnshift_arr_ap_fixed_ap_fixed_16_14_5_3_0_config2_s_layecud  |        0|   64|   32|    0|     5|   16|     1|           80|
    |layer_in_row_Array_V_1_154_U  |cnnshift_arr_ap_fixed_ap_fixed_16_14_5_3_0_config2_s_layecud  |        0|   64|   32|    0|     5|   16|     1|           80|
    |layer_in_row_Array_V_0_155_U  |cnnshift_arr_ap_fixed_ap_fixed_16_14_5_3_0_config2_s_layecud  |        0|   64|   32|    0|     5|   16|     1|           80|
    |layer_in_row_Array_V_1_155_U  |cnnshift_arr_ap_fixed_ap_fixed_16_14_5_3_0_config2_s_layecud  |        0|   64|   32|    0|     5|   16|     1|           80|
    |layer_in_row_Array_V_0_156_U  |cnnshift_arr_ap_fixed_ap_fixed_16_14_5_3_0_config2_s_layecud  |        0|   64|   32|    0|     5|   16|     1|           80|
    |layer_in_row_Array_V_1_156_U  |cnnshift_arr_ap_fixed_ap_fixed_16_14_5_3_0_config2_s_layecud  |        0|   64|   32|    0|     5|   16|     1|           80|
    |layer_in_row_Array_V_0_157_U  |cnnshift_arr_ap_fixed_ap_fixed_16_14_5_3_0_config2_s_layecud  |        0|   64|   32|    0|     5|   16|     1|           80|
    |layer_in_row_Array_V_1_157_U  |cnnshift_arr_ap_fixed_ap_fixed_16_14_5_3_0_config2_s_layecud  |        0|   64|   32|    0|     5|   16|     1|           80|
    |layer_in_row_Array_V_0_158_U  |cnnshift_arr_ap_fixed_ap_fixed_16_14_5_3_0_config2_s_layecud  |        0|   64|   32|    0|     5|   16|     1|           80|
    |layer_in_row_Array_V_1_158_U  |cnnshift_arr_ap_fixed_ap_fixed_16_14_5_3_0_config2_s_layecud  |        0|   64|   32|    0|     5|   16|     1|           80|
    |layer_in_row_Array_V_0_159_U  |cnnshift_arr_ap_fixed_ap_fixed_16_14_5_3_0_config2_s_layecud  |        0|   64|   32|    0|     5|   16|     1|           80|
    |layer_in_row_Array_V_1_159_U  |cnnshift_arr_ap_fixed_ap_fixed_16_14_5_3_0_config2_s_layecud  |        0|   64|   32|    0|     5|   16|     1|           80|
    |layer_in_row_Array_V_0_160_U  |cnnshift_arr_ap_fixed_ap_fixed_16_14_5_3_0_config2_s_layecud  |        0|   64|   32|    0|     5|   16|     1|           80|
    |layer_in_row_Array_V_1_160_U  |cnnshift_arr_ap_fixed_ap_fixed_16_14_5_3_0_config2_s_layecud  |        0|   64|   32|    0|     5|   16|     1|           80|
    |layer_in_row_Array_V_0_161_U  |cnnshift_arr_ap_fixed_ap_fixed_16_14_5_3_0_config2_s_layecud  |        0|   64|   32|    0|     5|   16|     1|           80|
    |layer_in_row_Array_V_1_161_U  |cnnshift_arr_ap_fixed_ap_fixed_16_14_5_3_0_config2_s_layecud  |        0|   64|   32|    0|     5|   16|     1|           80|
    |layer_in_row_Array_V_0_162_U  |cnnshift_arr_ap_fixed_ap_fixed_16_14_5_3_0_config2_s_layecud  |        0|   64|   32|    0|     5|   16|     1|           80|
    |layer_in_row_Array_V_1_162_U  |cnnshift_arr_ap_fixed_ap_fixed_16_14_5_3_0_config2_s_layecud  |        0|   64|   32|    0|     5|   16|     1|           80|
    |layer_in_row_Array_V_0_163_U  |cnnshift_arr_ap_fixed_ap_fixed_16_14_5_3_0_config2_s_layecud  |        0|   64|   32|    0|     5|   16|     1|           80|
    |layer_in_row_Array_V_1_163_U  |cnnshift_arr_ap_fixed_ap_fixed_16_14_5_3_0_config2_s_layecud  |        0|   64|   32|    0|     5|   16|     1|           80|
    |layer_in_row_Array_V_0_164_U  |cnnshift_arr_ap_fixed_ap_fixed_16_14_5_3_0_config2_s_layecud  |        0|   64|   32|    0|     5|   16|     1|           80|
    |layer_in_row_Array_V_1_164_U  |cnnshift_arr_ap_fixed_ap_fixed_16_14_5_3_0_config2_s_layecud  |        0|   64|   32|    0|     5|   16|     1|           80|
    |layer_in_row_Array_V_0_165_U  |cnnshift_arr_ap_fixed_ap_fixed_16_14_5_3_0_config2_s_layecud  |        0|   64|   32|    0|     5|   16|     1|           80|
    |layer_in_row_Array_V_1_165_U  |cnnshift_arr_ap_fixed_ap_fixed_16_14_5_3_0_config2_s_layecud  |        0|   64|   32|    0|     5|   16|     1|           80|
    |layer_in_row_Array_V_0_166_U  |cnnshift_arr_ap_fixed_ap_fixed_16_14_5_3_0_config2_s_layecud  |        0|   64|   32|    0|     5|   16|     1|           80|
    |layer_in_row_Array_V_1_166_U  |cnnshift_arr_ap_fixed_ap_fixed_16_14_5_3_0_config2_s_layecud  |        0|   64|   32|    0|     5|   16|     1|           80|
    |layer_in_row_Array_V_0_167_U  |cnnshift_arr_ap_fixed_ap_fixed_16_14_5_3_0_config2_s_layecud  |        0|   64|   32|    0|     5|   16|     1|           80|
    |layer_in_row_Array_V_1_167_U  |cnnshift_arr_ap_fixed_ap_fixed_16_14_5_3_0_config2_s_layecud  |        0|   64|   32|    0|     5|   16|     1|           80|
    |layer_in_row_Array_V_0_168_U  |cnnshift_arr_ap_fixed_ap_fixed_16_14_5_3_0_config2_s_layecud  |        0|   64|   32|    0|     5|   16|     1|           80|
    |layer_in_row_Array_V_1_168_U  |cnnshift_arr_ap_fixed_ap_fixed_16_14_5_3_0_config2_s_layecud  |        0|   64|   32|    0|     5|   16|     1|           80|
    |layer_in_row_Array_V_0_169_U  |cnnshift_arr_ap_fixed_ap_fixed_16_14_5_3_0_config2_s_layecud  |        0|   64|   32|    0|     5|   16|     1|           80|
    |layer_in_row_Array_V_1_169_U  |cnnshift_arr_ap_fixed_ap_fixed_16_14_5_3_0_config2_s_layecud  |        0|   64|   32|    0|     5|   16|     1|           80|
    |layer_in_row_Array_V_0_170_U  |cnnshift_arr_ap_fixed_ap_fixed_16_14_5_3_0_config2_s_layecud  |        0|   64|   32|    0|     5|   16|     1|           80|
    |layer_in_row_Array_V_1_170_U  |cnnshift_arr_ap_fixed_ap_fixed_16_14_5_3_0_config2_s_layecud  |        0|   64|   32|    0|     5|   16|     1|           80|
    |layer_in_row_Array_V_0_171_U  |cnnshift_arr_ap_fixed_ap_fixed_16_14_5_3_0_config2_s_layecud  |        0|   64|   32|    0|     5|   16|     1|           80|
    |layer_in_row_Array_V_1_171_U  |cnnshift_arr_ap_fixed_ap_fixed_16_14_5_3_0_config2_s_layecud  |        0|   64|   32|    0|     5|   16|     1|           80|
    |layer_in_row_Array_V_0_172_U  |cnnshift_arr_ap_fixed_ap_fixed_16_14_5_3_0_config2_s_layecud  |        0|   64|   32|    0|     5|   16|     1|           80|
    |layer_in_row_Array_V_1_172_U  |cnnshift_arr_ap_fixed_ap_fixed_16_14_5_3_0_config2_s_layecud  |        0|   64|   32|    0|     5|   16|     1|           80|
    |layer_in_row_Array_V_0_173_U  |cnnshift_arr_ap_fixed_ap_fixed_16_14_5_3_0_config2_s_layecud  |        0|   64|   32|    0|     5|   16|     1|           80|
    |layer_in_row_Array_V_1_173_U  |cnnshift_arr_ap_fixed_ap_fixed_16_14_5_3_0_config2_s_layecud  |        0|   64|   32|    0|     5|   16|     1|           80|
    |layer_in_row_Array_V_0_174_U  |cnnshift_arr_ap_fixed_ap_fixed_16_14_5_3_0_config2_s_layecud  |        0|   64|   32|    0|     5|   16|     1|           80|
    |layer_in_row_Array_V_1_174_U  |cnnshift_arr_ap_fixed_ap_fixed_16_14_5_3_0_config2_s_layecud  |        0|   64|   32|    0|     5|   16|     1|           80|
    |layer_in_row_Array_V_0_175_U  |cnnshift_arr_ap_fixed_ap_fixed_16_14_5_3_0_config2_s_layecud  |        0|   64|   32|    0|     5|   16|     1|           80|
    |layer_in_row_Array_V_1_175_U  |cnnshift_arr_ap_fixed_ap_fixed_16_14_5_3_0_config2_s_layecud  |        0|   64|   32|    0|     5|   16|     1|           80|
    |layer_in_row_Array_V_0_176_U  |cnnshift_arr_ap_fixed_ap_fixed_16_14_5_3_0_config2_s_layecud  |        0|   64|   32|    0|     5|   16|     1|           80|
    |layer_in_row_Array_V_1_176_U  |cnnshift_arr_ap_fixed_ap_fixed_16_14_5_3_0_config2_s_layecud  |        0|   64|   32|    0|     5|   16|     1|           80|
    |layer_in_row_Array_V_0_177_U  |cnnshift_arr_ap_fixed_ap_fixed_16_14_5_3_0_config2_s_layecud  |        0|   64|   32|    0|     5|   16|     1|           80|
    |layer_in_row_Array_V_1_177_U  |cnnshift_arr_ap_fixed_ap_fixed_16_14_5_3_0_config2_s_layecud  |        0|   64|   32|    0|     5|   16|     1|           80|
    |layer_in_row_Array_V_0_178_U  |cnnshift_arr_ap_fixed_ap_fixed_16_14_5_3_0_config2_s_layecud  |        0|   64|   32|    0|     5|   16|     1|           80|
    |layer_in_row_Array_V_1_178_U  |cnnshift_arr_ap_fixed_ap_fixed_16_14_5_3_0_config2_s_layecud  |        0|   64|   32|    0|     5|   16|     1|           80|
    |layer_in_row_Array_V_0_179_U  |cnnshift_arr_ap_fixed_ap_fixed_16_14_5_3_0_config2_s_layecud  |        0|   64|   32|    0|     5|   16|     1|           80|
    |layer_in_row_Array_V_1_179_U  |cnnshift_arr_ap_fixed_ap_fixed_16_14_5_3_0_config2_s_layecud  |        0|   64|   32|    0|     5|   16|     1|           80|
    |layer_in_row_Array_V_0_180_U  |cnnshift_arr_ap_fixed_ap_fixed_16_14_5_3_0_config2_s_layecud  |        0|   64|   32|    0|     5|   16|     1|           80|
    |layer_in_row_Array_V_1_180_U  |cnnshift_arr_ap_fixed_ap_fixed_16_14_5_3_0_config2_s_layecud  |        0|   64|   32|    0|     5|   16|     1|           80|
    |layer_in_row_Array_V_0_181_U  |cnnshift_arr_ap_fixed_ap_fixed_16_14_5_3_0_config2_s_layecud  |        0|   64|   32|    0|     5|   16|     1|           80|
    |layer_in_row_Array_V_1_181_U  |cnnshift_arr_ap_fixed_ap_fixed_16_14_5_3_0_config2_s_layecud  |        0|   64|   32|    0|     5|   16|     1|           80|
    |layer_in_row_Array_V_0_182_U  |cnnshift_arr_ap_fixed_ap_fixed_16_14_5_3_0_config2_s_layecud  |        0|   64|   32|    0|     5|   16|     1|           80|
    |layer_in_row_Array_V_1_182_U  |cnnshift_arr_ap_fixed_ap_fixed_16_14_5_3_0_config2_s_layecud  |        0|   64|   32|    0|     5|   16|     1|           80|
    |layer_in_row_Array_V_0_183_U  |cnnshift_arr_ap_fixed_ap_fixed_16_14_5_3_0_config2_s_layecud  |        0|   64|   32|    0|     5|   16|     1|           80|
    |layer_in_row_Array_V_1_183_U  |cnnshift_arr_ap_fixed_ap_fixed_16_14_5_3_0_config2_s_layecud  |        0|   64|   32|    0|     5|   16|     1|           80|
    |layer_in_row_Array_V_0_184_U  |cnnshift_arr_ap_fixed_ap_fixed_16_14_5_3_0_config2_s_layecud  |        0|   64|   32|    0|     5|   16|     1|           80|
    |layer_in_row_Array_V_1_184_U  |cnnshift_arr_ap_fixed_ap_fixed_16_14_5_3_0_config2_s_layecud  |        0|   64|   32|    0|     5|   16|     1|           80|
    |layer_in_row_Array_V_0_185_U  |cnnshift_arr_ap_fixed_ap_fixed_16_14_5_3_0_config2_s_layecud  |        0|   64|   32|    0|     5|   16|     1|           80|
    |layer_in_row_Array_V_1_185_U  |cnnshift_arr_ap_fixed_ap_fixed_16_14_5_3_0_config2_s_layecud  |        0|   64|   32|    0|     5|   16|     1|           80|
    |layer_in_row_Array_V_0_186_U  |cnnshift_arr_ap_fixed_ap_fixed_16_14_5_3_0_config2_s_layecud  |        0|   64|   32|    0|     5|   16|     1|           80|
    |layer_in_row_Array_V_1_186_U  |cnnshift_arr_ap_fixed_ap_fixed_16_14_5_3_0_config2_s_layecud  |        0|   64|   32|    0|     5|   16|     1|           80|
    |layer_in_row_Array_V_0_187_U  |cnnshift_arr_ap_fixed_ap_fixed_16_14_5_3_0_config2_s_layecud  |        0|   64|   32|    0|     5|   16|     1|           80|
    |layer_in_row_Array_V_1_187_U  |cnnshift_arr_ap_fixed_ap_fixed_16_14_5_3_0_config2_s_layecud  |        0|   64|   32|    0|     5|   16|     1|           80|
    |layer_in_row_Array_V_0_188_U  |cnnshift_arr_ap_fixed_ap_fixed_16_14_5_3_0_config2_s_layecud  |        0|   64|   32|    0|     5|   16|     1|           80|
    |layer_in_row_Array_V_1_188_U  |cnnshift_arr_ap_fixed_ap_fixed_16_14_5_3_0_config2_s_layecud  |        0|   64|   32|    0|     5|   16|     1|           80|
    |layer_in_row_Array_V_0_189_U  |cnnshift_arr_ap_fixed_ap_fixed_16_14_5_3_0_config2_s_layecud  |        0|   64|   32|    0|     5|   16|     1|           80|
    |layer_in_row_Array_V_1_189_U  |cnnshift_arr_ap_fixed_ap_fixed_16_14_5_3_0_config2_s_layecud  |        0|   64|   32|    0|     5|   16|     1|           80|
    |layer_in_row_Array_V_0_190_U  |cnnshift_arr_ap_fixed_ap_fixed_16_14_5_3_0_config2_s_layecud  |        0|   64|   32|    0|     5|   16|     1|           80|
    |layer_in_row_Array_V_1_190_U  |cnnshift_arr_ap_fixed_ap_fixed_16_14_5_3_0_config2_s_layecud  |        0|   64|   32|    0|     5|   16|     1|           80|
    |layer_in_row_Array_V_0_191_U  |cnnshift_arr_ap_fixed_ap_fixed_16_14_5_3_0_config2_s_layecud  |        0|   64|   32|    0|     5|   16|     1|           80|
    |layer_in_row_Array_V_1_191_U  |cnnshift_arr_ap_fixed_ap_fixed_16_14_5_3_0_config2_s_layecud  |        0|   64|   32|    0|     5|   16|     1|           80|
    |layer_in_row_Array_V_0_192_U  |cnnshift_arr_ap_fixed_ap_fixed_16_14_5_3_0_config2_s_layecud  |        0|   64|   32|    0|     5|   16|     1|           80|
    |layer_in_row_Array_V_1_192_U  |cnnshift_arr_ap_fixed_ap_fixed_16_14_5_3_0_config2_s_layecud  |        0|   64|   32|    0|     5|   16|     1|           80|
    |layer_in_row_Array_V_0_193_U  |cnnshift_arr_ap_fixed_ap_fixed_16_14_5_3_0_config2_s_layecud  |        0|   64|   32|    0|     5|   16|     1|           80|
    |layer_in_row_Array_V_1_193_U  |cnnshift_arr_ap_fixed_ap_fixed_16_14_5_3_0_config2_s_layecud  |        0|   64|   32|    0|     5|   16|     1|           80|
    |layer_in_row_Array_V_0_194_U  |cnnshift_arr_ap_fixed_ap_fixed_16_14_5_3_0_config2_s_layecud  |        0|   64|   32|    0|     5|   16|     1|           80|
    |layer_in_row_Array_V_1_194_U  |cnnshift_arr_ap_fixed_ap_fixed_16_14_5_3_0_config2_s_layecud  |        0|   64|   32|    0|     5|   16|     1|           80|
    |layer_in_row_Array_V_0_195_U  |cnnshift_arr_ap_fixed_ap_fixed_16_14_5_3_0_config2_s_layecud  |        0|   64|   32|    0|     5|   16|     1|           80|
    |layer_in_row_Array_V_1_195_U  |cnnshift_arr_ap_fixed_ap_fixed_16_14_5_3_0_config2_s_layecud  |        0|   64|   32|    0|     5|   16|     1|           80|
    |layer_in_row_Array_V_0_196_U  |cnnshift_arr_ap_fixed_ap_fixed_16_14_5_3_0_config2_s_layecud  |        0|   64|   32|    0|     5|   16|     1|           80|
    |layer_in_row_Array_V_1_196_U  |cnnshift_arr_ap_fixed_ap_fixed_16_14_5_3_0_config2_s_layecud  |        0|   64|   32|    0|     5|   16|     1|           80|
    |layer_in_row_Array_V_0_197_U  |cnnshift_arr_ap_fixed_ap_fixed_16_14_5_3_0_config2_s_layecud  |        0|   64|   32|    0|     5|   16|     1|           80|
    |layer_in_row_Array_V_1_197_U  |cnnshift_arr_ap_fixed_ap_fixed_16_14_5_3_0_config2_s_layecud  |        0|   64|   32|    0|     5|   16|     1|           80|
    |layer_in_row_Array_V_0_198_U  |cnnshift_arr_ap_fixed_ap_fixed_16_14_5_3_0_config2_s_layecud  |        0|   64|   32|    0|     5|   16|     1|           80|
    |layer_in_row_Array_V_1_198_U  |cnnshift_arr_ap_fixed_ap_fixed_16_14_5_3_0_config2_s_layecud  |        0|   64|   32|    0|     5|   16|     1|           80|
    |layer_in_row_Array_V_0_199_U  |cnnshift_arr_ap_fixed_ap_fixed_16_14_5_3_0_config2_s_layecud  |        0|   64|   32|    0|     5|   16|     1|           80|
    |layer_in_row_Array_V_1_199_U  |cnnshift_arr_ap_fixed_ap_fixed_16_14_5_3_0_config2_s_layecud  |        0|   64|   32|    0|     5|   16|     1|           80|
    |layer_in_row_Array_V_0_200_U  |cnnshift_arr_ap_fixed_ap_fixed_16_14_5_3_0_config2_s_layecud  |        0|   64|   32|    0|     5|   16|     1|           80|
    |layer_in_row_Array_V_1_200_U  |cnnshift_arr_ap_fixed_ap_fixed_16_14_5_3_0_config2_s_layecud  |        0|   64|   32|    0|     5|   16|     1|           80|
    |layer_in_row_Array_V_0_201_U  |cnnshift_arr_ap_fixed_ap_fixed_16_14_5_3_0_config2_s_layecud  |        0|   64|   32|    0|     5|   16|     1|           80|
    |layer_in_row_Array_V_1_201_U  |cnnshift_arr_ap_fixed_ap_fixed_16_14_5_3_0_config2_s_layecud  |        0|   64|   32|    0|     5|   16|     1|           80|
    |layer_in_row_Array_V_0_202_U  |cnnshift_arr_ap_fixed_ap_fixed_16_14_5_3_0_config2_s_layecud  |        0|   64|   32|    0|     5|   16|     1|           80|
    |layer_in_row_Array_V_1_202_U  |cnnshift_arr_ap_fixed_ap_fixed_16_14_5_3_0_config2_s_layecud  |        0|   64|   32|    0|     5|   16|     1|           80|
    |layer_in_row_Array_V_0_203_U  |cnnshift_arr_ap_fixed_ap_fixed_16_14_5_3_0_config2_s_layecud  |        0|   64|   32|    0|     5|   16|     1|           80|
    |layer_in_row_Array_V_1_203_U  |cnnshift_arr_ap_fixed_ap_fixed_16_14_5_3_0_config2_s_layecud  |        0|   64|   32|    0|     5|   16|     1|           80|
    |layer_in_row_Array_V_0_204_U  |cnnshift_arr_ap_fixed_ap_fixed_16_14_5_3_0_config2_s_layecud  |        0|   64|   32|    0|     5|   16|     1|           80|
    |layer_in_row_Array_V_1_204_U  |cnnshift_arr_ap_fixed_ap_fixed_16_14_5_3_0_config2_s_layecud  |        0|   64|   32|    0|     5|   16|     1|           80|
    |layer_in_row_Array_V_0_205_U  |cnnshift_arr_ap_fixed_ap_fixed_16_14_5_3_0_config2_s_layecud  |        0|   64|   32|    0|     5|   16|     1|           80|
    |layer_in_row_Array_V_1_205_U  |cnnshift_arr_ap_fixed_ap_fixed_16_14_5_3_0_config2_s_layecud  |        0|   64|   32|    0|     5|   16|     1|           80|
    |layer_in_row_Array_V_0_206_U  |cnnshift_arr_ap_fixed_ap_fixed_16_14_5_3_0_config2_s_layecud  |        0|   64|   32|    0|     5|   16|     1|           80|
    |layer_in_row_Array_V_1_206_U  |cnnshift_arr_ap_fixed_ap_fixed_16_14_5_3_0_config2_s_layecud  |        0|   64|   32|    0|     5|   16|     1|           80|
    |layer_in_row_Array_V_0_207_U  |cnnshift_arr_ap_fixed_ap_fixed_16_14_5_3_0_config2_s_layecud  |        0|   64|   32|    0|     5|   16|     1|           80|
    |layer_in_row_Array_V_1_207_U  |cnnshift_arr_ap_fixed_ap_fixed_16_14_5_3_0_config2_s_layecud  |        0|   64|   32|    0|     5|   16|     1|           80|
    |layer_in_row_Array_V_0_208_U  |cnnshift_arr_ap_fixed_ap_fixed_16_14_5_3_0_config2_s_layecud  |        0|   64|   32|    0|     5|   16|     1|           80|
    |layer_in_row_Array_V_1_208_U  |cnnshift_arr_ap_fixed_ap_fixed_16_14_5_3_0_config2_s_layecud  |        0|   64|   32|    0|     5|   16|     1|           80|
    |layer_in_row_Array_V_0_209_U  |cnnshift_arr_ap_fixed_ap_fixed_16_14_5_3_0_config2_s_layecud  |        0|   64|   32|    0|     5|   16|     1|           80|
    |layer_in_row_Array_V_1_209_U  |cnnshift_arr_ap_fixed_ap_fixed_16_14_5_3_0_config2_s_layecud  |        0|   64|   32|    0|     5|   16|     1|           80|
    |layer_in_row_Array_V_0_210_U  |cnnshift_arr_ap_fixed_ap_fixed_16_14_5_3_0_config2_s_layecud  |        0|   64|   32|    0|     5|   16|     1|           80|
    |layer_in_row_Array_V_1_210_U  |cnnshift_arr_ap_fixed_ap_fixed_16_14_5_3_0_config2_s_layecud  |        0|   64|   32|    0|     5|   16|     1|           80|
    |layer_in_row_Array_V_0_211_U  |cnnshift_arr_ap_fixed_ap_fixed_16_14_5_3_0_config2_s_layecud  |        0|   64|   32|    0|     5|   16|     1|           80|
    |layer_in_row_Array_V_1_211_U  |cnnshift_arr_ap_fixed_ap_fixed_16_14_5_3_0_config2_s_layecud  |        0|   64|   32|    0|     5|   16|     1|           80|
    |layer_in_row_Array_V_0_212_U  |cnnshift_arr_ap_fixed_ap_fixed_16_14_5_3_0_config2_s_layecud  |        0|   64|   32|    0|     5|   16|     1|           80|
    |layer_in_row_Array_V_1_212_U  |cnnshift_arr_ap_fixed_ap_fixed_16_14_5_3_0_config2_s_layecud  |        0|   64|   32|    0|     5|   16|     1|           80|
    |layer_in_row_Array_V_0_213_U  |cnnshift_arr_ap_fixed_ap_fixed_16_14_5_3_0_config2_s_layecud  |        0|   64|   32|    0|     5|   16|     1|           80|
    |layer_in_row_Array_V_1_213_U  |cnnshift_arr_ap_fixed_ap_fixed_16_14_5_3_0_config2_s_layecud  |        0|   64|   32|    0|     5|   16|     1|           80|
    |layer_in_row_Array_V_0_214_U  |cnnshift_arr_ap_fixed_ap_fixed_16_14_5_3_0_config2_s_layecud  |        0|   64|   32|    0|     5|   16|     1|           80|
    |layer_in_row_Array_V_1_214_U  |cnnshift_arr_ap_fixed_ap_fixed_16_14_5_3_0_config2_s_layecud  |        0|   64|   32|    0|     5|   16|     1|           80|
    |layer_in_row_Array_V_0_215_U  |cnnshift_arr_ap_fixed_ap_fixed_16_14_5_3_0_config2_s_layecud  |        0|   64|   32|    0|     5|   16|     1|           80|
    |layer_in_row_Array_V_1_215_U  |cnnshift_arr_ap_fixed_ap_fixed_16_14_5_3_0_config2_s_layecud  |        0|   64|   32|    0|     5|   16|     1|           80|
    |layer_in_row_Array_V_0_216_U  |cnnshift_arr_ap_fixed_ap_fixed_16_14_5_3_0_config2_s_layecud  |        0|   64|   32|    0|     5|   16|     1|           80|
    |layer_in_row_Array_V_1_216_U  |cnnshift_arr_ap_fixed_ap_fixed_16_14_5_3_0_config2_s_layecud  |        0|   64|   32|    0|     5|   16|     1|           80|
    |layer_in_row_Array_V_0_217_U  |cnnshift_arr_ap_fixed_ap_fixed_16_14_5_3_0_config2_s_layecud  |        0|   64|   32|    0|     5|   16|     1|           80|
    |layer_in_row_Array_V_1_217_U  |cnnshift_arr_ap_fixed_ap_fixed_16_14_5_3_0_config2_s_layecud  |        0|   64|   32|    0|     5|   16|     1|           80|
    |layer_in_row_Array_V_0_218_U  |cnnshift_arr_ap_fixed_ap_fixed_16_14_5_3_0_config2_s_layecud  |        0|   64|   32|    0|     5|   16|     1|           80|
    |layer_in_row_Array_V_1_218_U  |cnnshift_arr_ap_fixed_ap_fixed_16_14_5_3_0_config2_s_layecud  |        0|   64|   32|    0|     5|   16|     1|           80|
    |layer_in_row_Array_V_0_219_U  |cnnshift_arr_ap_fixed_ap_fixed_16_14_5_3_0_config2_s_layecud  |        0|   64|   32|    0|     5|   16|     1|           80|
    |layer_in_row_Array_V_1_219_U  |cnnshift_arr_ap_fixed_ap_fixed_16_14_5_3_0_config2_s_layecud  |        0|   64|   32|    0|     5|   16|     1|           80|
    |layer_in_row_Array_V_0_220_U  |cnnshift_arr_ap_fixed_ap_fixed_16_14_5_3_0_config2_s_layecud  |        0|   64|   32|    0|     5|   16|     1|           80|
    |layer_in_row_Array_V_1_220_U  |cnnshift_arr_ap_fixed_ap_fixed_16_14_5_3_0_config2_s_layecud  |        0|   64|   32|    0|     5|   16|     1|           80|
    |layer_in_row_Array_V_0_221_U  |cnnshift_arr_ap_fixed_ap_fixed_16_14_5_3_0_config2_s_layecud  |        0|   64|   32|    0|     5|   16|     1|           80|
    |layer_in_row_Array_V_1_221_U  |cnnshift_arr_ap_fixed_ap_fixed_16_14_5_3_0_config2_s_layecud  |        0|   64|   32|    0|     5|   16|     1|           80|
    |layer_in_row_Array_V_0_222_U  |cnnshift_arr_ap_fixed_ap_fixed_16_14_5_3_0_config2_s_layecud  |        0|   64|   32|    0|     5|   16|     1|           80|
    |layer_in_row_Array_V_1_222_U  |cnnshift_arr_ap_fixed_ap_fixed_16_14_5_3_0_config2_s_layecud  |        0|   64|   32|    0|     5|   16|     1|           80|
    |layer_in_row_Array_V_0_223_U  |cnnshift_arr_ap_fixed_ap_fixed_16_14_5_3_0_config2_s_layecud  |        0|   64|   32|    0|     5|   16|     1|           80|
    |layer_in_row_Array_V_1_223_U  |cnnshift_arr_ap_fixed_ap_fixed_16_14_5_3_0_config2_s_layecud  |        0|   64|   32|    0|     5|   16|     1|           80|
    |layer_in_row_Array_V_0_224_U  |cnnshift_arr_ap_fixed_ap_fixed_16_14_5_3_0_config2_s_layecud  |        0|   64|   32|    0|     5|   16|     1|           80|
    |layer_in_row_Array_V_1_224_U  |cnnshift_arr_ap_fixed_ap_fixed_16_14_5_3_0_config2_s_layecud  |        0|   64|   32|    0|     5|   16|     1|           80|
    |layer_in_row_Array_V_0_225_U  |cnnshift_arr_ap_fixed_ap_fixed_16_14_5_3_0_config2_s_layecud  |        0|   64|   32|    0|     5|   16|     1|           80|
    |layer_in_row_Array_V_1_225_U  |cnnshift_arr_ap_fixed_ap_fixed_16_14_5_3_0_config2_s_layecud  |        0|   64|   32|    0|     5|   16|     1|           80|
    |layer_in_row_Array_V_0_226_U  |cnnshift_arr_ap_fixed_ap_fixed_16_14_5_3_0_config2_s_layecud  |        0|   64|   32|    0|     5|   16|     1|           80|
    |layer_in_row_Array_V_1_226_U  |cnnshift_arr_ap_fixed_ap_fixed_16_14_5_3_0_config2_s_layecud  |        0|   64|   32|    0|     5|   16|     1|           80|
    |layer_in_row_Array_V_0_227_U  |cnnshift_arr_ap_fixed_ap_fixed_16_14_5_3_0_config2_s_layecud  |        0|   64|   32|    0|     5|   16|     1|           80|
    |layer_in_row_Array_V_1_227_U  |cnnshift_arr_ap_fixed_ap_fixed_16_14_5_3_0_config2_s_layecud  |        0|   64|   32|    0|     5|   16|     1|           80|
    |layer_in_row_Array_V_0_228_U  |cnnshift_arr_ap_fixed_ap_fixed_16_14_5_3_0_config2_s_layecud  |        0|   64|   32|    0|     5|   16|     1|           80|
    |layer_in_row_Array_V_1_228_U  |cnnshift_arr_ap_fixed_ap_fixed_16_14_5_3_0_config2_s_layecud  |        0|   64|   32|    0|     5|   16|     1|           80|
    |layer_in_row_Array_V_0_229_U  |cnnshift_arr_ap_fixed_ap_fixed_16_14_5_3_0_config2_s_layecud  |        0|   64|   32|    0|     5|   16|     1|           80|
    |layer_in_row_Array_V_1_229_U  |cnnshift_arr_ap_fixed_ap_fixed_16_14_5_3_0_config2_s_layecud  |        0|   64|   32|    0|     5|   16|     1|           80|
    |layer_in_row_Array_V_0_230_U  |cnnshift_arr_ap_fixed_ap_fixed_16_14_5_3_0_config2_s_layecud  |        0|   64|   32|    0|     5|   16|     1|           80|
    |layer_in_row_Array_V_1_230_U  |cnnshift_arr_ap_fixed_ap_fixed_16_14_5_3_0_config2_s_layecud  |        0|   64|   32|    0|     5|   16|     1|           80|
    |layer_in_row_Array_V_0_231_U  |cnnshift_arr_ap_fixed_ap_fixed_16_14_5_3_0_config2_s_layecud  |        0|   64|   32|    0|     5|   16|     1|           80|
    |layer_in_row_Array_V_1_231_U  |cnnshift_arr_ap_fixed_ap_fixed_16_14_5_3_0_config2_s_layecud  |        0|   64|   32|    0|     5|   16|     1|           80|
    |layer_in_row_Array_V_0_232_U  |cnnshift_arr_ap_fixed_ap_fixed_16_14_5_3_0_config2_s_layecud  |        0|   64|   32|    0|     5|   16|     1|           80|
    |layer_in_row_Array_V_1_232_U  |cnnshift_arr_ap_fixed_ap_fixed_16_14_5_3_0_config2_s_layecud  |        0|   64|   32|    0|     5|   16|     1|           80|
    |layer_in_row_Array_V_0_233_U  |cnnshift_arr_ap_fixed_ap_fixed_16_14_5_3_0_config2_s_layecud  |        0|   64|   32|    0|     5|   16|     1|           80|
    |layer_in_row_Array_V_1_233_U  |cnnshift_arr_ap_fixed_ap_fixed_16_14_5_3_0_config2_s_layecud  |        0|   64|   32|    0|     5|   16|     1|           80|
    |layer_in_row_Array_V_0_234_U  |cnnshift_arr_ap_fixed_ap_fixed_16_14_5_3_0_config2_s_layecud  |        0|   64|   32|    0|     5|   16|     1|           80|
    |layer_in_row_Array_V_1_234_U  |cnnshift_arr_ap_fixed_ap_fixed_16_14_5_3_0_config2_s_layecud  |        0|   64|   32|    0|     5|   16|     1|           80|
    |layer_in_row_Array_V_0_235_U  |cnnshift_arr_ap_fixed_ap_fixed_16_14_5_3_0_config2_s_layecud  |        0|   64|   32|    0|     5|   16|     1|           80|
    |layer_in_row_Array_V_1_235_U  |cnnshift_arr_ap_fixed_ap_fixed_16_14_5_3_0_config2_s_layecud  |        0|   64|   32|    0|     5|   16|     1|           80|
    |layer_in_row_Array_V_0_236_U  |cnnshift_arr_ap_fixed_ap_fixed_16_14_5_3_0_config2_s_layecud  |        0|   64|   32|    0|     5|   16|     1|           80|
    |layer_in_row_Array_V_1_236_U  |cnnshift_arr_ap_fixed_ap_fixed_16_14_5_3_0_config2_s_layecud  |        0|   64|   32|    0|     5|   16|     1|           80|
    |layer_in_row_Array_V_0_237_U  |cnnshift_arr_ap_fixed_ap_fixed_16_14_5_3_0_config2_s_layecud  |        0|   64|   32|    0|     5|   16|     1|           80|
    |layer_in_row_Array_V_1_237_U  |cnnshift_arr_ap_fixed_ap_fixed_16_14_5_3_0_config2_s_layecud  |        0|   64|   32|    0|     5|   16|     1|           80|
    |layer_in_row_Array_V_0_238_U  |cnnshift_arr_ap_fixed_ap_fixed_16_14_5_3_0_config2_s_layecud  |        0|   64|   32|    0|     5|   16|     1|           80|
    |layer_in_row_Array_V_1_238_U  |cnnshift_arr_ap_fixed_ap_fixed_16_14_5_3_0_config2_s_layecud  |        0|   64|   32|    0|     5|   16|     1|           80|
    |layer_in_row_Array_V_0_239_U  |cnnshift_arr_ap_fixed_ap_fixed_16_14_5_3_0_config2_s_layecud  |        0|   64|   32|    0|     5|   16|     1|           80|
    |layer_in_row_Array_V_1_239_U  |cnnshift_arr_ap_fixed_ap_fixed_16_14_5_3_0_config2_s_layecud  |        0|   64|   32|    0|     5|   16|     1|           80|
    |layer_in_row_Array_V_0_240_U  |cnnshift_arr_ap_fixed_ap_fixed_16_14_5_3_0_config2_s_layecud  |        0|   64|   32|    0|     5|   16|     1|           80|
    |layer_in_row_Array_V_1_240_U  |cnnshift_arr_ap_fixed_ap_fixed_16_14_5_3_0_config2_s_layecud  |        0|   64|   32|    0|     5|   16|     1|           80|
    |layer_in_row_Array_V_0_241_U  |cnnshift_arr_ap_fixed_ap_fixed_16_14_5_3_0_config2_s_layecud  |        0|   64|   32|    0|     5|   16|     1|           80|
    |layer_in_row_Array_V_1_241_U  |cnnshift_arr_ap_fixed_ap_fixed_16_14_5_3_0_config2_s_layecud  |        0|   64|   32|    0|     5|   16|     1|           80|
    |layer_in_row_Array_V_0_242_U  |cnnshift_arr_ap_fixed_ap_fixed_16_14_5_3_0_config2_s_layecud  |        0|   64|   32|    0|     5|   16|     1|           80|
    |layer_in_row_Array_V_1_242_U  |cnnshift_arr_ap_fixed_ap_fixed_16_14_5_3_0_config2_s_layecud  |        0|   64|   32|    0|     5|   16|     1|           80|
    |layer_in_row_Array_V_0_243_U  |cnnshift_arr_ap_fixed_ap_fixed_16_14_5_3_0_config2_s_layecud  |        0|   64|   32|    0|     5|   16|     1|           80|
    |layer_in_row_Array_V_1_243_U  |cnnshift_arr_ap_fixed_ap_fixed_16_14_5_3_0_config2_s_layecud  |        0|   64|   32|    0|     5|   16|     1|           80|
    |layer_in_row_Array_V_0_244_U  |cnnshift_arr_ap_fixed_ap_fixed_16_14_5_3_0_config2_s_layecud  |        0|   64|   32|    0|     5|   16|     1|           80|
    |layer_in_row_Array_V_1_244_U  |cnnshift_arr_ap_fixed_ap_fixed_16_14_5_3_0_config2_s_layecud  |        0|   64|   32|    0|     5|   16|     1|           80|
    |layer_in_row_Array_V_0_245_U  |cnnshift_arr_ap_fixed_ap_fixed_16_14_5_3_0_config2_s_layecud  |        0|   64|   32|    0|     5|   16|     1|           80|
    |layer_in_row_Array_V_1_245_U  |cnnshift_arr_ap_fixed_ap_fixed_16_14_5_3_0_config2_s_layecud  |        0|   64|   32|    0|     5|   16|     1|           80|
    |layer_in_row_Array_V_0_246_U  |cnnshift_arr_ap_fixed_ap_fixed_16_14_5_3_0_config2_s_layecud  |        0|   64|   32|    0|     5|   16|     1|           80|
    |layer_in_row_Array_V_1_246_U  |cnnshift_arr_ap_fixed_ap_fixed_16_14_5_3_0_config2_s_layecud  |        0|   64|   32|    0|     5|   16|     1|           80|
    |layer_in_row_Array_V_0_247_U  |cnnshift_arr_ap_fixed_ap_fixed_16_14_5_3_0_config2_s_layecud  |        0|   64|   32|    0|     5|   16|     1|           80|
    |layer_in_row_Array_V_1_247_U  |cnnshift_arr_ap_fixed_ap_fixed_16_14_5_3_0_config2_s_layecud  |        0|   64|   32|    0|     5|   16|     1|           80|
    |layer_in_row_Array_V_0_248_U  |cnnshift_arr_ap_fixed_ap_fixed_16_14_5_3_0_config2_s_layecud  |        0|   64|   32|    0|     5|   16|     1|           80|
    |layer_in_row_Array_V_1_248_U  |cnnshift_arr_ap_fixed_ap_fixed_16_14_5_3_0_config2_s_layecud  |        0|   64|   32|    0|     5|   16|     1|           80|
    |layer_in_row_Array_V_0_249_U  |cnnshift_arr_ap_fixed_ap_fixed_16_14_5_3_0_config2_s_layecud  |        0|   64|   32|    0|     5|   16|     1|           80|
    |layer_in_row_Array_V_1_249_U  |cnnshift_arr_ap_fixed_ap_fixed_16_14_5_3_0_config2_s_layecud  |        0|   64|   32|    0|     5|   16|     1|           80|
    |layer_in_row_Array_V_0_250_U  |cnnshift_arr_ap_fixed_ap_fixed_16_14_5_3_0_config2_s_layecud  |        0|   64|   32|    0|     5|   16|     1|           80|
    |layer_in_row_Array_V_1_250_U  |cnnshift_arr_ap_fixed_ap_fixed_16_14_5_3_0_config2_s_layecud  |        0|   64|   32|    0|     5|   16|     1|           80|
    |layer_in_row_Array_V_0_251_U  |cnnshift_arr_ap_fixed_ap_fixed_16_14_5_3_0_config2_s_layecud  |        0|   64|   32|    0|     5|   16|     1|           80|
    |layer_in_row_Array_V_1_251_U  |cnnshift_arr_ap_fixed_ap_fixed_16_14_5_3_0_config2_s_layecud  |        0|   64|   32|    0|     5|   16|     1|           80|
    |layer_in_row_Array_V_0_252_U  |cnnshift_arr_ap_fixed_ap_fixed_16_14_5_3_0_config2_s_layecud  |        0|   64|   32|    0|     5|   16|     1|           80|
    |layer_in_row_Array_V_1_252_U  |cnnshift_arr_ap_fixed_ap_fixed_16_14_5_3_0_config2_s_layecud  |        0|   64|   32|    0|     5|   16|     1|           80|
    |layer_in_row_Array_V_0_253_U  |cnnshift_arr_ap_fixed_ap_fixed_16_14_5_3_0_config2_s_layecud  |        0|   64|   32|    0|     5|   16|     1|           80|
    |layer_in_row_Array_V_1_253_U  |cnnshift_arr_ap_fixed_ap_fixed_16_14_5_3_0_config2_s_layecud  |        0|   64|   32|    0|     5|   16|     1|           80|
    |layer_in_row_Array_V_0_254_U  |cnnshift_arr_ap_fixed_ap_fixed_16_14_5_3_0_config2_s_layecud  |        0|   64|   32|    0|     5|   16|     1|           80|
    |layer_in_row_Array_V_1_254_U  |cnnshift_arr_ap_fixed_ap_fixed_16_14_5_3_0_config2_s_layecud  |        0|   64|   32|    0|     5|   16|     1|           80|
    |layer_in_row_Array_V_0_255_U  |cnnshift_arr_ap_fixed_ap_fixed_16_14_5_3_0_config2_s_layecud  |        0|   64|   32|    0|     5|   16|     1|           80|
    |layer_in_row_Array_V_1_255_U  |cnnshift_arr_ap_fixed_ap_fixed_16_14_5_3_0_config2_s_layecud  |        0|   64|   32|    0|     5|   16|     1|           80|
    +------------------------------+--------------------------------------------------------------+---------+-----+-----+-----+------+-----+------+-------------+
    |Total                         |                                                              |        0|32768|16384|    0|  2560| 8192|   512|        40960|
    +------------------------------+--------------------------------------------------------------+---------+-----+-----+-----+------+-----+------+-------------+

    * FIFO: 
    N/A

    * Expression: 
    N/A

    * Multiplexer: 
    N/A

    * Register: 
    +-----------+---+----+-----+-----------+
    |    Name   | FF| LUT| Bits| Const Bits|
    +-----------+---+----+-----+-----------+
    |ap_CS_fsm  |  1|   0|    1|          0|
    +-----------+---+----+-----+-----------+
    |Total      |  1|   0|    1|          0|
    +-----------+---+----+-----+-----------+



================================================================
== Interface
================================================================
* Summary: 
+---------------+-----+-------+------------+------------------------------------------------------+--------------+
|   RTL Ports   | Dir |  Bits |  Protocol  |                     Source Object                    |    C Type    |
+---------------+-----+-------+------------+------------------------------------------------------+--------------+
|ap_clk         |  in |      1| ap_ctrl_hs | cnnshift_arr<ap_fixed,ap_fixed<16,14,5,3,0>,config2> | return value |
|ap_rst         |  in |      1| ap_ctrl_hs | cnnshift_arr<ap_fixed,ap_fixed<16,14,5,3,0>,config2> | return value |
|ap_start       |  in |      1| ap_ctrl_hs | cnnshift_arr<ap_fixed,ap_fixed<16,14,5,3,0>,config2> | return value |
|ap_done        | out |      1| ap_ctrl_hs | cnnshift_arr<ap_fixed,ap_fixed<16,14,5,3,0>,config2> | return value |
|ap_idle        | out |      1| ap_ctrl_hs | cnnshift_arr<ap_fixed,ap_fixed<16,14,5,3,0>,config2> | return value |
|ap_ready       | out |      1| ap_ctrl_hs | cnnshift_arr<ap_fixed,ap_fixed<16,14,5,3,0>,config2> | return value |
|ap_return      | out |  36864| ap_ctrl_hs | cnnshift_arr<ap_fixed,ap_fixed<16,14,5,3,0>,config2> | return value |
|data_V_read    |  in |   4096|   ap_none  |                      data_V_read                     |    scalar    |
|output_V_read  |  in |  36864|   ap_none  |                     output_V_read                    |    scalar    |
+---------------+-----+-------+------------+------------------------------------------------------+--------------+

